<html>
<body>
<pre>
<h1>µVision Build Log</h1>
<h2>Tool Versions:</h2>
IDE-Version: ¦ÌVision V5.24.2.0
Copyright (C) 2017 ARM Ltd and ARM Germany GmbH. All rights reserved.
License Information: Nigel Chen, ustc, LIC=JMZCX-HM780-JL3CR-K0TNF-ZGP9W-FL72A
 
Tool Versions:
Toolchain:       MDK-ARM Essential  Version: 5.24.1
Toolchain Path:  C:\Keil_v5\ARM\ARMCC\Bin
C Compiler:      Armcc.exe V5.06 update 5 (build 528)
Assembler:       Armasm.exe V5.06 update 5 (build 528)
Linker/Locator:  ArmLink.exe V5.06 update 5 (build 528)
Library Manager: ArmAr.exe V5.06 update 5 (build 528)
Hex Converter:   FromElf.exe V5.06 update 5 (build 528)
CPU DLL:         SARMCM3.DLL V5.24.1
Dialog DLL:      DCM.DLL V1.16.0.0
Target DLL:      Segger\JL2CM3.dll V2.99.26.0
Dialog DLL:      TCM.DLL V1.32.0.0
 
<h2>Project:</h2>
C:\Users\cyh\Desktop\1231\fpga_step_v10_arm\MDK-ARM\fpga_step_v10_arm.uvprojx
Project File Date:  07/29/2017

<h2>Output:</h2>
*** Using Compiler 'V5.06 update 5 (build 528)', folder: 'C:\Keil_v5\ARM\ARMCC\Bin'
Rebuild target 'fpga_step_v10_arm'
compiling usbd_ioreq.c...
compiling usbd_ctlreq.c...
compiling usbd_cdc.c...
compiling stm32f4xx_hal_crc.c...
compiling usb_device.c...
compiling usbd_core.c...
compiling stm32f4xx_hal_pwr.c...
compiling stm32f4xx_hal_eth.c...
compiling stm32f4xx_hal_flash.c...
compiling stm32f4xx_hal_gpio.c...
compiling stm32f4xx_hal_rtc.c...
compiling stm32f4xx_hal_tim_ex.c...
compiling stm32f4xx_hal.c...
compiling stm32f4xx_hal_pcd.c...
compiling stm32f4xx_hal_uart.c...
compiling stm32f4xx_hal_pwr_ex.c...
compiling stm32f4xx_hal_pcd_ex.c...
compiling stm32f4xx_hal_rcc_ex.c...
compiling stm32f4xx_hal_flash_ramfunc.c...
compiling stm32f4xx_hal_flash_ex.c...
compiling stm32f4xx_ll_usb.c...
compiling stm32f4xx_hal_rtc_ex.c...
compiling stm32f4xx_hal_cortex.c...
compiling stm32f4xx_hal_rcc.c...
compiling stm32f4xx_hal_hcd.c...
compiling stm32f4xx_hal_dma.c...
compiling stm32f4xx_hal_spi.c...
compiling system_stm32f4xx.c...
compiling stm32f4xx_hal_dma_ex.c...
compiling stm32f4xx_hal_tim.c...
compiling usbd_desc.c...
compiling usbd_conf.c...
compiling main.c...
../Src/main.c(163): warning:  #188-D: enumerated type mixed with another type
  		JTAG_SetPins(instr[i],GPIO_PIN_RESET);
../Src/main.c(164): warning:  #188-D: enumerated type mixed with another type
  	JTAG_SetPins(instr[5],GPIO_PIN_SET);
../Src/main.c(186): warning:  #188-D: enumerated type mixed with another type
  			JTAG_SetPins(x/v, GPIO_PIN_RESET);
../Src/main.c(200): warning:  #188-D: enumerated type mixed with another type
  		JTAG_SetPins(ch/v,GPIO_PIN_RESET);
../Src/main.c(204): warning:  #188-D: enumerated type mixed with another type
  	JTAG_SetPins(ch/v,GPIO_PIN_SET);
../Src/main.c(195): warning:  #177-D: variable "i"  was declared but never referenced
  	int i,j;
../Src/main.c(418): warning:  #550-D: variable "j"  was set but never used
  	int i,j;
../Src/main.c(849): warning:  #550-D: variable "index"  was set but never used
  	uint8_t index=0;
../Src/main.c(850): warning:  #177-D: variable "tmp"  was declared but never referenced
  	uint32_t tmp = 0;
../Src/main.c(851): warning:  #177-D: variable "respond"  was declared but never referenced
  	const char respond[] = "successfully completed\n\r";
../Src/main.c: 10 warnings, 0 errors
compiling usbd_cdc_if.c...
compiling stm32f4xx_it.c...
compiling ethernetif.c...
compiling stm32f4xx_hal_msp.c...
compiling usbh_conf.c...
assembling startup_stm32f407xx.s...
compiling lwip.c...
compiling usb_host.c...
compiling inet6.c...
compiling tcp_out.c...
compiling pppos.c...
compiling magic.c...
compiling ip4.c...
compiling ecp.c...
compiling tcp_in.c...
compiling ip4_addr.c...
compiling chap_ms.c...
compiling ipv6cp.c...
compiling fsm.c...
compiling mld6.c...
compiling mppe.c...
compiling utils.c...
compiling timeouts.c...
compiling md4.c...
compiling ppp.c...
compiling igmp.c...
compiling ip6_frag.c...
compiling pbuf.c...
compiling dns.c...
compiling dhcp6.c...
compiling md5.c...
compiling pppol2tp.c...
compiling demand.c...
compiling auth.c...
compiling netifapi.c...
compiling netdb.c...
compiling ccp.c...
compiling lcp.c...
compiling ip6_addr.c...
compiling ipcp.c...
compiling lowpan6.c...
compiling sockets.c...
compiling inet_chksum.c...
compiling netif.c...
compiling err.c...
compiling icmp.c...
compiling slipif.c...
compiling arc4.c...
compiling netbuf.c...
compiling tcpip.c...
compiling upap.c...
compiling vj.c...
compiling etharp.c...
compiling def.c...
compiling multilink.c...
compiling udp.c...
compiling des.c...
compiling icmp6.c...
compiling nd6.c...
compiling ip6.c...
compiling autoip.c...
compiling raw.c...
compiling api_lib.c...
compiling chap-new.c...
compiling tcp.c...
compiling ethip6.c...
compiling mem.c...
compiling init.c...
compiling sha1.c...
compiling pppapi.c...
compiling eui64.c...
compiling pppcrypt.c...
compiling sys.c...
compiling ip.c...
compiling dhcp.c...
compiling eap.c...
compiling ethernet.c...
compiling chap-md5.c...
compiling stats.c...
compiling memp.c...
compiling pppoe.c...
compiling api_msg.c...
compiling ip4_frag.c...
compiling usbh_pipes.c...
compiling usbh_hid_mouse.c...
compiling usbh_hid_keybd.c...
compiling usbh_core.c...
compiling usbh_ctlreq.c...
compiling usbh_hid_parser.c...
compiling usbh_ioreq.c...
compiling usbh_hid.c...
linking...
Program Size: Code=60000 RO-data=840 RW-data=640 ZI-data=49952  
"fpga_step_v10_arm\fpga_step_v10_arm.axf" - 0 Error(s), 10 Warning(s).

<h2>Software Packages used:</h2>

Package Vendor: ARM
                http://www.keil.com/pack/ARM.CMSIS.5.0.1.pack
                ARM.CMSIS.5.0.1
                CMSIS (Cortex Microcontroller Software Interface Standard)
   * Component: CORE Version: 5.0.1

Package Vendor: Keil
                http://www.keil.com/pack/Keil.STM32F4xx_DFP.2.11.0.pack
                Keil.STM32F4xx_DFP.2.11.0
                STMicroelectronics STM32F4 Series Device Support, Drivers and Examples

<h2>Collection of Component include folders:</h2>
  .\RTE\_fpga_step_v10_arm
  C:\Keil_v5\ARM\PACK\ARM\CMSIS\5.0.1\CMSIS\Include
  C:\Keil_v5\ARM\PACK\Keil\STM32F4xx_DFP\2.11.0\Drivers\CMSIS\Device\ST\STM32F4xx\Include

<h2>Collection of Component Files used:</h2>

   * Component: ARM::CMSIS:CORE:5.0.1
Build Time Elapsed:  00:05:54
</pre>
</body>
</html>
