Component: ARM Compiler 5.06 update 5 (build 528) Tool: armlink [4d35e2]

==============================================================================

Section Cross References

    usbd_cdc.o(i.USBD_CDC_DataOut) refers to usbd_conf.o(i.USBD_LL_GetRxDataSize) for USBD_LL_GetRxDataSize
    usbd_cdc.o(i.USBD_CDC_DeInit) refers to usbd_conf.o(i.USBD_LL_CloseEP) for USBD_LL_CloseEP
    usbd_cdc.o(i.USBD_CDC_DeInit) refers to malloc.o(i.free) for free
    usbd_cdc.o(i.USBD_CDC_GetDeviceQualifierDescriptor) refers to usbd_cdc.o(.data) for USBD_CDC_DeviceQualifierDesc
    usbd_cdc.o(i.USBD_CDC_GetFSCfgDesc) refers to usbd_cdc.o(.data) for USBD_CDC_CfgFSDesc
    usbd_cdc.o(i.USBD_CDC_GetHSCfgDesc) refers to usbd_cdc.o(.data) for USBD_CDC_CfgHSDesc
    usbd_cdc.o(i.USBD_CDC_GetOtherSpeedCfgDesc) refers to usbd_cdc.o(.data) for USBD_CDC_OtherSpeedCfgDesc
    usbd_cdc.o(i.USBD_CDC_Init) refers to usbd_conf.o(i.USBD_LL_OpenEP) for USBD_LL_OpenEP
    usbd_cdc.o(i.USBD_CDC_Init) refers to malloc.o(i.malloc) for malloc
    usbd_cdc.o(i.USBD_CDC_Init) refers to usbd_conf.o(i.USBD_LL_PrepareReceive) for USBD_LL_PrepareReceive
    usbd_cdc.o(i.USBD_CDC_ReceivePacket) refers to usbd_conf.o(i.USBD_LL_PrepareReceive) for USBD_LL_PrepareReceive
    usbd_cdc.o(i.USBD_CDC_Setup) refers to usbd_ioreq.o(i.USBD_CtlSendData) for USBD_CtlSendData
    usbd_cdc.o(i.USBD_CDC_Setup) refers to usbd_ioreq.o(i.USBD_CtlPrepareRx) for USBD_CtlPrepareRx
    usbd_cdc.o(i.USBD_CDC_Setup) refers to usbd_cdc.o(.data) for ifalt
    usbd_cdc.o(i.USBD_CDC_TransmitPacket) refers to usbd_conf.o(i.USBD_LL_Transmit) for USBD_LL_Transmit
    usbd_cdc.o(.data) refers to usbd_cdc.o(i.USBD_CDC_Init) for USBD_CDC_Init
    usbd_cdc.o(.data) refers to usbd_cdc.o(i.USBD_CDC_DeInit) for USBD_CDC_DeInit
    usbd_cdc.o(.data) refers to usbd_cdc.o(i.USBD_CDC_Setup) for USBD_CDC_Setup
    usbd_cdc.o(.data) refers to usbd_cdc.o(i.USBD_CDC_EP0_RxReady) for USBD_CDC_EP0_RxReady
    usbd_cdc.o(.data) refers to usbd_cdc.o(i.USBD_CDC_DataIn) for USBD_CDC_DataIn
    usbd_cdc.o(.data) refers to usbd_cdc.o(i.USBD_CDC_DataOut) for USBD_CDC_DataOut
    usbd_cdc.o(.data) refers to usbd_cdc.o(i.USBD_CDC_GetHSCfgDesc) for USBD_CDC_GetHSCfgDesc
    usbd_cdc.o(.data) refers to usbd_cdc.o(i.USBD_CDC_GetFSCfgDesc) for USBD_CDC_GetFSCfgDesc
    usbd_cdc.o(.data) refers to usbd_cdc.o(i.USBD_CDC_GetOtherSpeedCfgDesc) for USBD_CDC_GetOtherSpeedCfgDesc
    usbd_cdc.o(.data) refers to usbd_cdc.o(i.USBD_CDC_GetDeviceQualifierDescriptor) for USBD_CDC_GetDeviceQualifierDescriptor
    usbd_ioreq.o(i.USBD_CtlContinueRx) refers to usbd_conf.o(i.USBD_LL_PrepareReceive) for USBD_LL_PrepareReceive
    usbd_ioreq.o(i.USBD_CtlContinueSendData) refers to usbd_conf.o(i.USBD_LL_Transmit) for USBD_LL_Transmit
    usbd_ioreq.o(i.USBD_CtlPrepareRx) refers to usbd_conf.o(i.USBD_LL_PrepareReceive) for USBD_LL_PrepareReceive
    usbd_ioreq.o(i.USBD_CtlReceiveStatus) refers to usbd_conf.o(i.USBD_LL_PrepareReceive) for USBD_LL_PrepareReceive
    usbd_ioreq.o(i.USBD_CtlSendData) refers to usbd_conf.o(i.USBD_LL_Transmit) for USBD_LL_Transmit
    usbd_ioreq.o(i.USBD_CtlSendStatus) refers to usbd_conf.o(i.USBD_LL_Transmit) for USBD_LL_Transmit
    usbd_ioreq.o(i.USBD_GetRxCount) refers to usbd_conf.o(i.USBD_LL_GetRxDataSize) for USBD_LL_GetRxDataSize
    usbd_ctlreq.o(i.USBD_ClrFeature) refers to usbd_ioreq.o(i.USBD_CtlSendStatus) for USBD_CtlSendStatus
    usbd_ctlreq.o(i.USBD_ClrFeature) refers to usbd_ctlreq.o(i.USBD_CtlError) for USBD_CtlError
    usbd_ctlreq.o(i.USBD_CtlError) refers to usbd_conf.o(i.USBD_LL_StallEP) for USBD_LL_StallEP
    usbd_ctlreq.o(i.USBD_GetConfig) refers to usbd_ctlreq.o(i.USBD_CtlError) for USBD_CtlError
    usbd_ctlreq.o(i.USBD_GetConfig) refers to usbd_ioreq.o(i.USBD_CtlSendData) for USBD_CtlSendData
    usbd_ctlreq.o(i.USBD_GetDescriptor) refers to usbd_ctlreq.o(i.USBD_CtlError) for USBD_CtlError
    usbd_ctlreq.o(i.USBD_GetDescriptor) refers to usbd_ioreq.o(i.USBD_CtlSendData) for USBD_CtlSendData
    usbd_ctlreq.o(i.USBD_GetStatus) refers to usbd_ioreq.o(i.USBD_CtlSendData) for USBD_CtlSendData
    usbd_ctlreq.o(i.USBD_GetStatus) refers to usbd_ctlreq.o(i.USBD_CtlError) for USBD_CtlError
    usbd_ctlreq.o(i.USBD_GetString) refers to usbd_ctlreq.o(i.USBD_GetLen) for USBD_GetLen
    usbd_ctlreq.o(i.USBD_SetAddress) refers to usbd_ctlreq.o(i.USBD_CtlError) for USBD_CtlError
    usbd_ctlreq.o(i.USBD_SetAddress) refers to usbd_conf.o(i.USBD_LL_SetUSBAddress) for USBD_LL_SetUSBAddress
    usbd_ctlreq.o(i.USBD_SetAddress) refers to usbd_ioreq.o(i.USBD_CtlSendStatus) for USBD_CtlSendStatus
    usbd_ctlreq.o(i.USBD_SetConfig) refers to usbd_ctlreq.o(i.USBD_CtlError) for USBD_CtlError
    usbd_ctlreq.o(i.USBD_SetConfig) refers to usbd_core.o(i.USBD_SetClassConfig) for USBD_SetClassConfig
    usbd_ctlreq.o(i.USBD_SetConfig) refers to usbd_ioreq.o(i.USBD_CtlSendStatus) for USBD_CtlSendStatus
[...]
    USBH_Start                               0x08008293   Thumb Code    22  usbh_core.o(i.USBH_Start)
    USB_ActivateEndpoint                     0x080082e1   Thumb Code   192  stm32f4xx_ll_usb.o(i.USB_ActivateEndpoint)
    USB_ActivateSetup                        0x080083a5   Thumb Code    68  stm32f4xx_ll_usb.o(i.USB_ActivateSetup)
    USB_CoreInit                             0x080083e9   Thumb Code   108  stm32f4xx_ll_usb.o(i.USB_CoreInit)
    USB_DeactivateEndpoint                   0x080084a5   Thumb Code   258  stm32f4xx_ll_usb.o(i.USB_DeactivateEndpoint)
    USB_DevConnect                           0x080085b1   Thumb Code    30  stm32f4xx_ll_usb.o(i.USB_DevConnect)
    USB_DevDisconnect                        0x080085cf   Thumb Code    30  stm32f4xx_ll_usb.o(i.USB_DevDisconnect)
    USB_DevInit                              0x080085ed   Thumb Code   398  stm32f4xx_ll_usb.o(i.USB_DevInit)
    USB_DisableGlobalInt                     0x0800878d   Thumb Code    14  stm32f4xx_ll_usb.o(i.USB_DisableGlobalInt)
    USB_DoPing                               0x0800879d   Thumb Code    60  stm32f4xx_ll_usb.o(i.USB_DoPing)
    USB_DriveVbus                            0x080087dd   Thumb Code    68  stm32f4xx_ll_usb.o(i.USB_DriveVbus)
    USB_EP0StartXfer                         0x08008821   Thumb Code   422  stm32f4xx_ll_usb.o(i.USB_EP0StartXfer)
    USB_EP0_OutStart                         0x080089cd   Thumb Code    68  stm32f4xx_ll_usb.o(i.USB_EP0_OutStart)
    USB_EPClearStall                         0x08008a11   Thumb Code   136  stm32f4xx_ll_usb.o(i.USB_EPClearStall)
    USB_EPSetStall                           0x08008a99   Thumb Code   140  stm32f4xx_ll_usb.o(i.USB_EPSetStall)
    USB_EPStartXfer                          0x08008b25   Thumb Code   714  stm32f4xx_ll_usb.o(i.USB_EPStartXfer)
    USB_EnableGlobalInt                      0x08008df5   Thumb Code    14  stm32f4xx_ll_usb.o(i.USB_EnableGlobalInt)
    USB_FlushRxFifo                          0x08008e05   Thumb Code    38  stm32f4xx_ll_usb.o(i.USB_FlushRxFifo)
    USB_FlushTxFifo                          0x08008e31   Thumb Code    44  stm32f4xx_ll_usb.o(i.USB_FlushTxFifo)
    USB_GetCurrentFrame                      0x08008e61   Thumb Code    12  stm32f4xx_ll_usb.o(i.USB_GetCurrentFrame)
    USB_GetDevSpeed                          0x08008e6d   Thumb Code    68  stm32f4xx_ll_usb.o(i.USB_GetDevSpeed)
    USB_GetMode                              0x08008eb1   Thumb Code    10  stm32f4xx_ll_usb.o(i.USB_GetMode)
    USB_HC_Halt                              0x08008ebb   Thumb Code   328  stm32f4xx_ll_usb.o(i.USB_HC_Halt)
    USB_HC_Init                              0x08009003   Thumb Code   392  stm32f4xx_ll_usb.o(i.USB_HC_Init)
    USB_HC_ReadInterrupt                     0x0800918b   Thumb Code    12  stm32f4xx_ll_usb.o(i.USB_HC_ReadInterrupt)
    USB_HC_StartXfer                         0x08009199   Thumb Code   386  stm32f4xx_ll_usb.o(i.USB_HC_StartXfer)
    USB_HostInit                             0x08009321   Thumb Code   214  stm32f4xx_ll_usb.o(i.USB_HostInit)
    USB_InitFSLSPClkSel                      0x0800940d   Thumb Code    62  stm32f4xx_ll_usb.o(i.USB_InitFSLSPClkSel)
    USB_ReadDevAllInEpInterrupt              0x0800944b   Thumb Code    18  stm32f4xx_ll_usb.o(i.USB_ReadDevAllInEpInterrupt)
    USB_ReadDevAllOutEpInterrupt             0x0800945d   Thumb Code    18  stm32f4xx_ll_usb.o(i.USB_ReadDevAllOutEpInterrupt)
    USB_ReadDevInEPInterrupt                 0x0800946f   Thumb Code    44  stm32f4xx_ll_usb.o(i.USB_ReadDevInEPInterrupt)
    USB_ReadDevOutEPInterrupt                0x0800949b   Thumb Code    22  stm32f4xx_ll_usb.o(i.USB_ReadDevOutEPInterrupt)
    USB_ReadInterrupts                       0x080094b1   Thumb Code    12  stm32f4xx_ll_usb.o(i.USB_ReadInterrupts)
    USB_ReadPacket                           0x080094bd   Thumb Code    34  stm32f4xx_ll_usb.o(i.USB_ReadPacket)
    USB_SetCurrentMode                       0x080094df   Thumb Code    48  stm32f4xx_ll_usb.o(i.USB_SetCurrentMode)
    USB_SetDevAddress                        0x0800950f   Thumb Code    36  stm32f4xx_ll_usb.o(i.USB_SetDevAddress)
    USB_SetDevSpeed                          0x08009533   Thumb Code    16  stm32f4xx_ll_usb.o(i.USB_SetDevSpeed)
    USB_StopHost                             0x08009543   Thumb Code   174  stm32f4xx_ll_usb.o(i.USB_StopHost)
    USB_WritePacket                          0x080095f1   Thumb Code    48  stm32f4xx_ll_usb.o(i.USB_WritePacket)
    USB_sendbyte                             0x08009621   Thumb Code    12  main.o(i.USB_sendbyte)
    UsageFault_Handler                       0x0800962d   Thumb Code     4  stm32f4xx_it.o(i.UsageFault_Handler)
    WriteEnable                              0x08009631   Thumb Code    32  main.o(i.WriteEnable)
    WriteSpiFlash                            0x08009655   Thumb Code    48  main.o(i.WriteSpiFlash)
    _Error_Handler                           0x08009689   Thumb Code     4  main.o(i._Error_Handler)
    __scatterload_copy                       0x0800968d   Thumb Code    14  handlers.o(i.__scatterload_copy)
    __scatterload_null                       0x0800969b   Thumb Code     2  handlers.o(i.__scatterload_null)
    __scatterload_zeroinit                   0x0800969d   Thumb Code    14  handlers.o(i.__scatterload_zeroinit)
    etharp_cleanup_netif                     0x080096f9   Thumb Code    52  etharp.o(i.etharp_cleanup_netif)
    etharp_input                             0x080098d1   Thumb Code   214  etharp.o(i.etharp_input)
    etharp_output                            0x080099a9   Thumb Code   296  etharp.o(i.etharp_output)
    etharp_query                             0x08009b95   Thumb Code   362  etharp.o(i.etharp_query)
    etharp_request                           0x08009da1   Thumb Code    18  etharp.o(i.etharp_request)
    etharp_tmr                               0x08009de5   Thumb Code   216  etharp.o(i.etharp_tmr)
    ethernet_input                           0x08009f81   Thumb Code   196  ethernet.o(i.ethernet_input)
    ethernet_output                          0x0800a049   Thumb Code    86  ethernet.o(i.ethernet_output)
    ethernetif_init                          0x0800a0a1   Thumb Code    38  ethernetif.o(i.ethernetif_init)
    fifo_init                                0x0800a0d1   Thumb Code    14  usbh_hid.o(i.fifo_init)
    fifo_write                               0x0800a0df   Thumb Code    96  usbh_hid.o(i.fifo_write)
    fpgadata_init                            0x0800a141   Thumb Code    18  main.o(i.fpgadata_init)
    free                                     0x0800a159   Thumb Code    76  malloc.o(i.free)
    icmp_dest_unreach                        0x0800a1a9   Thumb Code    18  icmp.o(i.icmp_dest_unreach)
    icmp_input                               0x0800a1bd   Thumb Code   372  icmp.o(i.icmp_input)
    icmp_time_exceeded                       0x0800a3a9   Thumb Code    18  icmp.o(i.icmp_time_exceeded)
    ip4_addr_isbroadcast_u32                 0x0800a3bb   Thumb Code    78  ip4_addr.o(i.ip4_addr_isbroadcast_u32)
    ip4_frag                                 0x0800a409   Thumb Code   444  ip4_frag.o(i.ip4_frag)
    ip4_input                                0x0800a5c9   Thumb Code   438  ip4.o(i.ip4_input)
    ip4_output_if                            0x0800a789   Thumb Code    54  ip4.o(i.ip4_output_if)
    ip4_output_if_src                        0x0800a7c1   Thumb Code   190  ip4.o(i.ip4_output_if_src)
    ip4_reass                                0x0800a889   Thumb Code   408  ip4_frag.o(i.ip4_reass)
    ip4_route                                0x0800aa29   Thumb Code   134  ip4.o(i.ip4_route)
    ip_reass_tmr                             0x0800ade9   Thumb Code    48  ip4_frag.o(i.ip_reass_tmr)
    lwip_htonl                               0x0800b00d   Thumb Code    26  def.o(i.lwip_htonl)
    lwip_htons                               0x0800b027   Thumb Code    12  def.o(i.lwip_htons)
    lwip_init                                0x0800b033   Thumb Code    32  init.o(i.lwip_init)
    main                                     0x0800b055   Thumb Code   126  main.o(i.main)
    malloc                                   0x0800b0e1   Thumb Code    92  malloc.o(i.malloc)
    mem_free                                 0x0800b14d   Thumb Code    68  mem.o(i.mem_free)
    mem_init                                 0x0800b19d   Thumb Code    74  mem.o(i.mem_init)
    mem_malloc                               0x0800b1f9   Thumb Code   222  mem.o(i.mem_malloc)
    mem_trim                                 0x0800b2e5   Thumb Code   288  mem.o(i.mem_trim)
    memp_free                                0x0800b411   Thumb Code    36  memp.o(i.memp_free)
    memp_init                                0x0800b439   Thumb Code    26  memp.o(i.memp_init)
    memp_init_pool                           0x0800b459   Thumb Code    44  memp.o(i.memp_init_pool)
    memp_malloc                              0x0800b485   Thumb Code    32  memp.o(i.memp_malloc)
    netif_add                                0x0800b4a9   Thumb Code   106  netif.o(i.netif_add)
    netif_init                               0x0800b51d   Thumb Code     2  netif.o(i.netif_init)
    netif_set_addr                           0x0800b543   Thumb Code    72  netif.o(i.netif_set_addr)
    netif_set_default                        0x0800b58d   Thumb Code     6  netif.o(i.netif_set_default)
    netif_set_down                           0x0800b599   Thumb Code    42  netif.o(i.netif_set_down)
    netif_set_gw                             0x0800b5c3   Thumb Code    12  netif.o(i.netif_set_gw)
    netif_set_ipaddr                         0x0800b5d1   Thumb Code    72  netif.o(i.netif_set_ipaddr)
    netif_set_netmask                        0x0800b61d   Thumb Code    12  netif.o(i.netif_set_netmask)
    netif_set_up                             0x0800b629   Thumb Code    44  netif.o(i.netif_set_up)
    pbuf_alloc                               0x0800b655   Thumb Code   404  pbuf.o(i.pbuf_alloc)
    pbuf_alloced_custom                      0x0800b7e9   Thumb Code   110  pbuf.o(i.pbuf_alloced_custom)
    pbuf_cat                                 0x0800b857   Thumb Code    56  pbuf.o(i.pbuf_cat)
    pbuf_clen                                0x0800b88f   Thumb Code    18  pbuf.o(i.pbuf_clen)
    pbuf_copy                                0x0800b8a1   Thumb Code   192  pbuf.o(i.pbuf_copy)
    pbuf_copy_partial                        0x0800b961   Thumb Code   146  pbuf.o(i.pbuf_copy_partial)
    pbuf_free                                0x0800b9f3   Thumb Code   134  pbuf.o(i.pbuf_free)
    pbuf_header                              0x0800ba79   Thumb Code    18  pbuf.o(i.pbuf_header)
    pbuf_header_force                        0x0800ba8b   Thumb Code    18  pbuf.o(i.pbuf_header_force)
    pbuf_realloc                             0x0800bb3d   Thumb Code   128  pbuf.o(i.pbuf_realloc)
    pbuf_ref                                 0x0800bbbd   Thumb Code    14  pbuf.o(i.pbuf_ref)
    sys_now                                  0x0800bc55   Thumb Code     8  ethernetif.o(i.sys_now)
    sys_timeout                              0x0800bc5d   Thumb Code   206  timeouts.o(i.sys_timeout)
    sys_timeouts_init                        0x0800bd35   Thumb Code    38  timeouts.o(i.sys_timeouts_init)
    tcp_abandon                              0x0800bd69   Thumb Code   226  tcp.o(i.tcp_abandon)
    tcp_abort                                0x0800be5d   Thumb Code    14  tcp.o(i.tcp_abort)
    tcp_alloc                                0x0800be6d   Thumb Code   176  tcp.o(i.tcp_alloc)
    tcp_close                                0x0800bf2d   Thumb Code    28  tcp.o(i.tcp_close)
    tcp_eff_send_mss_impl                    0x0800c1b3   Thumb Code    58  tcp.o(i.tcp_eff_send_mss_impl)
    tcp_enqueue_flags                        0x0800c1ed   Thumb Code   270  tcp_out.o(i.tcp_enqueue_flags)
    tcp_fasttmr                              0x0800c2fd   Thumb Code   108  tcp.o(i.tcp_fasttmr)
    tcp_init                                 0x0800c3cd   Thumb Code     2  tcp.o(i.tcp_init)
    tcp_input                                0x0800c3d1   Thumb Code  1254  tcp_in.o(i.tcp_input)
    tcp_keepalive                            0x0800c8d9   Thumb Code    90  tcp_out.o(i.tcp_keepalive)
    tcp_netif_ip_addr_changed                0x0800cb81   Thumb Code    70  tcp.o(i.tcp_netif_ip_addr_changed)
    tcp_next_iss                             0x0800cc01   Thumb Code    20  tcp.o(i.tcp_next_iss)
    tcp_output                               0x0800ccad   Thumb Code   534  tcp_out.o(i.tcp_output)
    tcp_pcb_purge                            0x0800d0a1   Thumb Code    72  tcp.o(i.tcp_pcb_purge)
    tcp_pcb_remove                           0x0800d0e9   Thumb Code   124  tcp.o(i.tcp_pcb_remove)
    tcp_process_refused_data                 0x0800d721   Thumb Code   148  tcp.o(i.tcp_process_refused_data)
    tcp_recv_null                            0x0800e165   Thumb Code    46  tcp.o(i.tcp_recv_null)
    tcp_recved                               0x0800e193   Thumb Code    94  tcp.o(i.tcp_recved)
    tcp_rexmit                               0x0800e209   Thumb Code    90  tcp_out.o(i.tcp_rexmit)
    tcp_rexmit_fast                          0x0800e263   Thumb Code   116  tcp_out.o(i.tcp_rexmit_fast)
    tcp_rexmit_rto                           0x0800e2d7   Thumb Code    58  tcp_out.o(i.tcp_rexmit_rto)
    tcp_rst                                  0x0800e311   Thumb Code   136  tcp_out.o(i.tcp_rst)
    tcp_seg_copy                             0x0800e399   Thumb Code    36  tcp.o(i.tcp_seg_copy)
    tcp_seg_free                             0x0800e3bd   Thumb Code    26  tcp.o(i.tcp_seg_free)
    tcp_segs_free                            0x0800e3d7   Thumb Code    24  tcp.o(i.tcp_segs_free)
    tcp_send_empty_ack                       0x0800e3ef   Thumb Code   118  tcp_out.o(i.tcp_send_empty_ack)
    tcp_send_fin                             0x0800e465   Thumb Code    74  tcp_out.o(i.tcp_send_fin)
    tcp_slowtmr                              0x0800e4b1   Thumb Code   844  tcp.o(i.tcp_slowtmr)
    tcp_timer_needed                         0x0800e81d   Thumb Code    38  timeouts.o(i.tcp_timer_needed)
    tcp_tmr                                  0x0800e8f9   Thumb Code    30  tcp.o(i.tcp_tmr)
    tcp_trigger_input_pcb_close              0x0800e91d   Thumb Code    14  tcp_in.o(i.tcp_trigger_input_pcb_close)
    tcp_update_rcv_ann_wnd                   0x0800e931   Thumb Code    78  tcp.o(i.tcp_update_rcv_ann_wnd)
    tcp_zero_window_probe                    0x0800e97f   Thumb Code   222  tcp_out.o(i.tcp_zero_window_probe)
    udp_init                                 0x0800ea95   Thumb Code     2  udp.o(i.udp_init)
    udp_input                                0x0800ea99   Thumb Code   308  udp.o(i.udp_input)
    udp_netif_ip_addr_changed                0x0800ec1d   Thumb Code    42  udp.o(i.udp_netif_ip_addr_changed)
    AHBPrescTable                            0x0800ec4c   Data          16  system_stm32f4xx.o(.constdata)
    APBPrescTable                            0x0800ec5c   Data           8  system_stm32f4xx.o(.constdata)
    ip_addr_any                              0x0800ec64   Data           4  ip4_addr.o(.constdata)
    ip_addr_broadcast                        0x0800ec68   Data           4  ip4_addr.o(.constdata)
    lwip_cyclic_timers                       0x0800ec6c   Data          24  timeouts.o(.constdata)
    tcp_pcb_lists                            0x0800ecc4   Data          16  tcp.o(.constdata)
    ethbroadcast                             0x0800ecd4   Data           6  ethernet.o(.constdata)
    ethzero                                  0x0800ecda   Data           6  ethernet.o(.constdata)
    memp_UDP_PCB                             0x0800ece0   Data          12  memp.o(.constdata)
    memp_TCP_PCB                             0x0800ecec   Data          12  memp.o(.constdata)
    memp_TCP_PCB_LISTEN                      0x0800ecf8   Data          12  memp.o(.constdata)
    memp_TCP_SEG                             0x0800ed04   Data          12  memp.o(.constdata)
    memp_REASSDATA                           0x0800ed10   Data          12  memp.o(.constdata)
    memp_FRAG_PBUF                           0x0800ed1c   Data          12  memp.o(.constdata)
    memp_SYS_TIMEOUT                         0x0800ed28   Data          12  memp.o(.constdata)
    memp_PBUF                                0x0800ed34   Data          12  memp.o(.constdata)
    memp_PBUF_POOL                           0x0800ed40   Data          12  memp.o(.constdata)
    memp_pools                               0x0800ed4c   Data          36  memp.o(.constdata)
    Region$$Table$$Base                      0x0800edec   Number         0  anon$$obj.o(Region$$Table)
    Region$$Table$$Limit                     0x0800ee0c   Number         0  anon$$obj.o(Region$$Table)
    USBD_CDC                                 0x2000000c   Data          56  usbd_cdc.o(.data)
    USBD_CDC_CfgHSDesc                       0x20000044   Data          67  usbd_cdc.o(.data)
    USBD_CDC_CfgFSDesc                       0x20000088   Data          67  usbd_cdc.o(.data)
    USBD_CDC_OtherSpeedCfgDesc               0x200000cc   Data          67  usbd_cdc.o(.data)
    uwTick                                   0x20000114   Data           4  stm32f4xx_hal.o(.data)
    SystemCoreClock                          0x20000118   Data           4  system_stm32f4xx.o(.data)
    FS_Desc                                  0x2000011c   Data          28  usbd_desc.o(.data)
    USBD_FS_DeviceDesc                       0x20000138   Data          18  usbd_desc.o(.data)
    USBD_LangIDDesc                          0x2000014c   Data           4  usbd_desc.o(.data)
    hcrc                                     0x20000150   Data           8  main.o(.data)
    g_timer                                  0x20000158   Data           4  main.o(.data)
    g_timer_last                             0x2000015c   Data           4  main.o(.data)
    Size                                     0x20000160   Data           2  main.o(.data)
    WriteIndex                               0x20000164   Data           4  main.o(.data)
    RxIndex                                  0x20000168   Data           1  usbd_cdc_if.o(.data)
    TxIndex                                  0x20000169   Data           1  usbd_cdc_if.o(.data)
    HandleRxIndex                            0x2000016c   Data           4  usbd_cdc_if.o(.data)
    HandleTxIndex                            0x20000170   Data           4  usbd_cdc_if.o(.data)
    USBD_Interface_fops_FS                   0x20000174   Data          16  usbd_cdc_if.o(.data)
    ipaddr                                   0x20000184   Data           4  lwip.o(.data)
    netmask                                  0x20000188   Data           4  lwip.o(.data)
    gw                                       0x2000018c   Data           4  lwip.o(.data)
    IP_ADDRESS                               0x20000190   Data           4  lwip.o(.data)
    NETMASK_ADDRESS                          0x20000194   Data           4  lwip.o(.data)
    GATEWAY_ADDRESS                          0x20000198   Data           4  lwip.o(.data)
    Appli_state                              0x2000019c   Data           1  usb_host.o(.data)
    tcp_input_pcb                            0x200001c4   Data           4  tcp_in.o(.data)
    pbuf_free_ooseq_pending                  0x200001d4   Data           1  pbuf.o(.data)
    netif_list                               0x200001d8   Data           4  netif.o(.data)
    netif_default                            0x200001dc   Data           4  netif.o(.data)
    udp_pcbs                                 0x200001e8   Data           4  udp.o(.data)
    tcp_ticks                                0x200001f0   Data           4  tcp.o(.data)
    tcp_bound_pcbs                           0x200001f4   Data           4  tcp.o(.data)
    tcp_listen_pcbs                          0x200001f8   Data           4  tcp.o(.data)
    tcp_active_pcbs                          0x200001fc   Data           4  tcp.o(.data)
    tcp_tw_pcbs                              0x20000200   Data           4  tcp.o(.data)
    tcp_active_pcbs_changed                  0x20000204   Data           1  tcp.o(.data)
    mouse_info                               0x20000244   Data           5  usbh_hid_mouse.o(.data)
    mouse_report_data                        0x2000024c   Data           4  usbh_hid_mouse.o(.data)
    keybd_report_data                        0x20000250   Data           8  usbh_hid_keybd.o(.data)
    HID_Class                                0x20000258   Data          32  usbh_hid.o(.data)
    __microlib_freelist                      0x20000278   Data           4  mvars.o(.data)
    __microlib_freelist_initialised          0x2000027c   Data           4  mvars.o(.data)
    hUsbDeviceFS                             0x20000280   Data         548  usb_device.o(.bss)
    USBD_StrDesc                             0x200004a4   Data         512  usbd_desc.o(.bss)
    hrtc                                     0x200006a4   Data          32  main.o(.bss)
    hspi2                                    0x200006c4   Data          88  main.o(.bss)
    hspi3                                    0x2000071c   Data          88  main.o(.bss)
    htim1                                    0x20000774   Data          60  main.o(.bss)
    huart1                                   0x200007b0   Data          64  main.o(.bss)
    pData                                    0x200007f0   Data          32  main.o(.bss)
    ReceiveData                              0x20000810   Data        4096  main.o(.bss)
    fpgadata                                 0x20001810   Data         128  main.o(.bss)
    hpcd_USB_OTG_FS                          0x20001890   Data        1008  usbd_conf.o(.bss)
    RxBufferFS                               0x20001c80   Data        4352  usbd_cdc_if.o(.bss)
    TxBufferFS                               0x20002d80   Data        4352  usbd_cdc_if.o(.bss)
    UserRxBufferFS                           0x20003e80   Data         128  usbd_cdc_if.o(.bss)
    UserTxBufferFS                           0x20003f00   Data         128  usbd_cdc_if.o(.bss)
    DMARxDscrTab                             0x20003f80   Data         128  ethernetif.o(.bss)
    DMATxDscrTab                             0x20004000   Data         128  ethernetif.o(.bss)
    Rx_Buff                                  0x20004080   Data        6096  ethernetif.o(.bss)
    Tx_Buff                                  0x20005850   Data        6096  ethernetif.o(.bss)
    heth                                     0x20007020   Data          72  ethernetif.o(.bss)
    gnetif                                   0x20007068   Data          48  lwip.o(.bss)
    hhcd_USB_OTG_HS                          0x20007098   Data         664  usbh_conf.o(.bss)
    hUsbHostHS                               0x20007330   Data         968  usb_host.o(.bss)
    ram_heap                                 0x200077f8   Data        1619  mem.o(.bss)
    ip_data                                  0x20007e4c   Data          24  ip.o(.bss)
    memp_memory_UDP_PCB_base                 0x20007e64   Data         131  memp.o(.bss)
    memp_memory_TCP_PCB_base                 0x20007ee7   Data         763  memp.o(.bss)
    memp_memory_TCP_PCB_LISTEN_base          0x200081e2   Data         227  memp.o(.bss)
    memp_memory_TCP_SEG_base                 0x200082c5   Data         259  memp.o(.bss)
    memp_memory_REASSDATA_base               0x200083c8   Data         163  memp.o(.bss)
    memp_memory_FRAG_PBUF_base               0x2000846b   Data         363  memp.o(.bss)
    memp_memory_SYS_TIMEOUT_base             0x200085d6   Data          51  memp.o(.bss)
    memp_memory_PBUF_base                    0x20008609   Data         259  memp.o(.bss)
    memp_memory_PBUF_POOL_base               0x2000870c   Data        9731  memp.o(.bss)
    keybd_info                               0x2000ad0f   Data          15  usbh_hid_keybd.o(.bss)
    __heap_base                              0x2000ad20   Data           0  startup_stm32f407xx.o(HEAP)
    __heap_limit                             0x2000c220   Data           0  startup_stm32f407xx.o(HEAP)
    __initial_sp                             0x2000c620   Data           0  startup_stm32f407xx.o(STACK)



==============================================================================

Memory Map of the image

  Image Entry point : 0x08000189

  Load Region LR_IROM1 (Base: 0x08000000, Size: 0x0000f08c, Max: 0x00080000, ABSOLUTE, COMPRESSED[0x0000eef0])

    Execution Region ER_IROM1 (Exec base: 0x08000000, Load base: 0x08000000, Size: 0x0000ee0c, Max: 0x00080000, ABSOLUTE)

    Exec Addr    Load Addr    Size         Type   Attr      Idx    E Section Name        Object

    0x08000000   0x08000000   0x00000188   Data   RO         5783    RESET               startup_stm32f407xx.o
    0x08000188   0x08000188   0x00000000   Code   RO         9205  * .ARM.Collect$$$$00000000  mc_w.l(entry.o)
    0x08000188   0x08000188   0x00000004   Code   RO         9248    .ARM.Collect$$$$00000001  mc_w.l(entry2.o)
    0x0800018c   0x0800018c   0x00000004   Code   RO         9251    .ARM.Collect$$$$00000004  mc_w.l(entry5.o)
    0x08000190   0x08000190   0x00000000   Code   RO         9253    .ARM.Collect$$$$00000008  mc_w.l(entry7b.o)
    0x08000190   0x08000190   0x00000000   Code   RO         9255    .ARM.Collect$$$$0000000A  mc_w.l(entry8b.o)
    0x08000190   0x08000190   0x00000008   Code   RO         9256    .ARM.Collect$$$$0000000B  mc_w.l(entry9a.o)
    0x08000198   0x08000198   0x00000000   Code   RO         9258    .ARM.Collect$$$$0000000D  mc_w.l(entry10a.o)
    0x08000198   0x08000198   0x00000000   Code   RO         9260    .ARM.Collect$$$$0000000F  mc_w.l(entry11a.o)
    0x08000198   0x08000198   0x00000004   Code   RO         9249    .ARM.Collect$$$$00002712  mc_w.l(entry2.o)
    0x0800019c   0x0800019c   0x00000024   Code   RO         5784    .text               startup_stm32f407xx.o
    0x080001c0   0x080001c0   0x00000024   Code   RO         9208    .text               mc_w.l(memcpya.o)
    0x080001e4   0x080001e4   0x00000024   Code   RO         9210    .text               mc_w.l(memseta.o)
    0x08000208   0x08000208   0x0000001a   Code   RO         9214    .text               mc_w.l(memcmp.o)
    0x08000222   0x08000222   0x00000002   PAD
    0x08000224   0x08000224   0x00000024   Code   RO         9264    .text               mc_w.l(init.o)
    0x08000248   0x08000248   0x00000056   Code   RO         9274    .text               mc_w.l(__dczerorl2.o)
    0x0800029e   0x0800029e   0x00000004   Code   RO         5303    i.BusFault_Handler  stm32f4xx_it.o
    0x080002a2   0x080002a2   0x00000044   Code   RO         5176    i.CDC_Control_FS    usbd_cdc_if.o
    0x080002e6   0x080002e6   0x00000004   Code   RO         5177    i.CDC_DeInit_FS     usbd_cdc_if.o
    0x080002ea   0x080002ea   0x00000002   PAD
    0x080002ec   0x080002ec   0x00000060   Code   RO         5178    i.CDC_Init_FS       usbd_cdc_if.o
    0x0800034c   0x0800034c   0x0000003c   Code   RO         5179    i.CDC_Receive_FS    usbd_cdc_if.o
    0x08000388   0x08000388   0x00000038   Code   RO         5180    i.CDC_Transmit_FS   usbd_cdc_if.o
    0x080003c0   0x080003c0   0x00000060   Code   RO         4606    i.ChipErase         main.o
    0x08000420   0x08000420   0x00000030   Code   RO         4607    i.CleanSpiFlashSectors  main.o
    0x08000450   0x08000450   0x00000014   Code   RO         4608    i.ClearConfiguation  main.o
    0x08000464   0x08000464   0x00000052   Code   RO         8748    i.DeInitStateMachine  usbh_core.o
    0x080004b6   0x080004b6   0x00000002   Code   RO         5304    i.DebugMon_Handler  stm32f4xx_it.o
    0x080004b8   0x080004b8   0x00000016   Code   RO          887    i.ETH_DMAReceptionEnable  stm32f4xx_hal_eth.o
    0x080004ce   0x080004ce   0x00000016   Code   RO          889    i.ETH_DMATransmissionEnable  stm32f4xx_hal_eth.o
    0x080004e4   0x080004e4   0x00000028   Code   RO          890    i.ETH_Delay         stm32f4xx_hal_eth.o
    0x0800050c   0x0800050c   0x00000038   Code   RO          891    i.ETH_FlushTransmitFIFO  stm32f4xx_hal_eth.o
    0x08000544   0x08000544   0x00000010   Code   RO         5305    i.ETH_IRQHandler    stm32f4xx_it.o
    0x08000554   0x08000554   0x00000034   Code   RO          892    i.ETH_MACAddressConfig  stm32f4xx_hal_eth.o
    0x08000588   0x08000588   0x00000244   Code   RO          893    i.ETH_MACDMAConfig  stm32f4xx_hal_eth.o
    0x080007cc   0x080007cc   0x00000028   Code   RO          895    i.ETH_MACReceptionEnable  stm32f4xx_hal_eth.o
    0x080007f4   0x080007f4   0x00000028   Code   RO          897    i.ETH_MACTransmissionEnable  stm32f4xx_hal_eth.o
    0x0800081c   0x0800081c   0x00000078   Code   RO         4610    i.Erase64KSector    main.o
    0x08000894   0x08000894   0x0000000c   Code   RO         4611    i.EraseBulk         main.o
    0x080008a0   0x080008a0   0x00000028   Code   RO         4612    i.FPGA_JTAG_FinishConfig  main.o
    0x080008c8   0x080008c8   0x00000044   Code   RO         4613    i.FPGA_JTAG_StartConfig  main.o
    0x0800090c   0x0800090c   0x0000002c   Code   RO         4614    i.FPGA_Jshutdown    main.o
    0x08000938   0x08000938   0x00000020   Code   RO         4615    i.FPGA_Jstart       main.o
    0x08000958   0x08000958   0x000000b4   Code   RO         4616    i.FastRead          main.o
    0x08000a0c   0x08000a0c   0x00000024   Code   RO          592    i.HAL_CRC_Init      stm32f4xx_hal_crc.o
    0x08000a30   0x08000a30   0x00000034   Code   RO         5422    i.HAL_CRC_MspInit   stm32f4xx_hal_msp.o
    0x08000a64   0x08000a64   0x00000028   Code   RO         3401    i.HAL_DMA_Abort_IT  stm32f4xx_hal_dma.o
    0x08000a8c   0x08000a8c   0x0000001e   Code   RO         1534    i.HAL_Delay         stm32f4xx_hal.o
    0x08000aaa   0x08000aaa   0x0000008c   Code   RO          900    i.HAL_ETH_DMARxDescListInit  stm32f4xx_hal_eth.o
    0x08000b36   0x08000b36   0x00000084   Code   RO          901    i.HAL_ETH_DMATxDescListInit  stm32f4xx_hal_eth.o
    0x08000bba   0x08000bba   0x00000002   Code   RO          903    i.HAL_ETH_ErrorCallback  stm32f4xx_hal_eth.o
    0x08000bbc   0x08000bbc   0x000000a4   Code   RO          907    i.HAL_ETH_IRQHandler  stm32f4xx_hal_eth.o
    0x08000c60   0x08000c60   0x000002a0   Code   RO          908    i.HAL_ETH_Init      stm32f4xx_hal_eth.o
    0x08000f00   0x08000f00   0x000000ec   Code   RO         5229    i.HAL_ETH_MspInit   ethernetif.o
    0x08000fec   0x08000fec   0x00000092   Code   RO          911    i.HAL_ETH_ReadPHYRegister  stm32f4xx_hal_eth.o
    0x0800107e   0x0800107e   0x00000002   Code   RO          912    i.HAL_ETH_RxCpltCallback  stm32f4xx_hal_eth.o
    0x08001080   0x08001080   0x00000052   Code   RO          913    i.HAL_ETH_Start     stm32f4xx_hal_eth.o
    0x080010d2   0x080010d2   0x0000013e   Code   RO          915    i.HAL_ETH_TransmitFrame  stm32f4xx_hal_eth.o
    0x08001210   0x08001210   0x00000002   Code   RO          916    i.HAL_ETH_TxCpltCallback  stm32f4xx_hal_eth.o
    0x08001212   0x08001212   0x00000090   Code   RO          917    i.HAL_ETH_WritePHYRegister  stm32f4xx_hal_eth.o
    0x080012a2   0x080012a2   0x00000002   PAD
    0x080012a4   0x080012a4   0x00000164   Code   RO         1222    i.HAL_GPIO_DeInit   stm32f4xx_hal_gpio.o
    0x08001408   0x08001408   0x00000200   Code   RO         1225    i.HAL_GPIO_Init     stm32f4xx_hal_gpio.o
    0x08001608   0x08001608   0x00000008   Code   RO         1228    i.HAL_GPIO_TogglePin  stm32f4xx_hal_gpio.o
    0x08001610   0x08001610   0x0000000c   Code   RO         1229    i.HAL_GPIO_WritePin  stm32f4xx_hal_gpio.o
    0x0800161c   0x0800161c   0x0000000c   Code   RO         1540    i.HAL_GetTick       stm32f4xx_hal.o
    0x08001628   0x08001628   0x0000000e   Code   RO         5569    i.HAL_HCD_Connect_Callback  usbh_conf.o
    0x08001636   0x08001636   0x0000000e   Code   RO         5570    i.HAL_HCD_Disconnect_Callback  usbh_conf.o
    0x08001644   0x08001644   0x0000000c   Code   RO         3236    i.HAL_HCD_GetCurrentFrame  stm32f4xx_hal_hcd.o
    0x08001650   0x08001650   0x00000014   Code   RO         3240    i.HAL_HCD_HC_GetURBState  stm32f4xx_hal_hcd.o
    0x08001664   0x08001664   0x00000034   Code   RO         3242    i.HAL_HCD_HC_Halt   stm32f4xx_hal_hcd.o
    0x08001698   0x08001698   0x000000ba   Code   RO         3243    i.HAL_HCD_HC_Init   stm32f4xx_hal_hcd.o
    0x08001752   0x08001752   0x00000002   Code   RO         5571    i.HAL_HCD_HC_NotifyURBChange_Callback  usbh_conf.o
    0x08001754   0x08001754   0x00000268   Code   RO         3245    i.HAL_HCD_HC_SubmitRequest  stm32f4xx_hal_hcd.o
    0x080019bc   0x080019bc   0x00000166   Code   RO         3246    i.HAL_HCD_IRQHandler  stm32f4xx_hal_hcd.o
    0x08001b22   0x08001b22   0x0000005a   Code   RO         3247    i.HAL_HCD_Init      stm32f4xx_hal_hcd.o
    0x08001b7c   0x08001b7c   0x0000008c   Code   RO         5573    i.HAL_HCD_MspInit   usbh_conf.o
    0x08001c08   0x08001c08   0x0000000e   Code   RO         5574    i.HAL_HCD_SOF_Callback  usbh_conf.o
    0x08001c16   0x08001c16   0x00000036   Code   RO         3252    i.HAL_HCD_Start     stm32f4xx_hal_hcd.o
    0x08001c4c   0x08001c4c   0x0000002e   Code   RO         3253    i.HAL_HCD_Stop      stm32f4xx_hal_hcd.o
    0x08001c7a   0x08001c7a   0x00000002   PAD
    0x08001c7c   0x08001c7c   0x00000010   Code   RO         1542    i.HAL_IncTick       stm32f4xx_hal.o
    0x08001c8c   0x08001c8c   0x0000003c   Code   RO         1543    i.HAL_Init          stm32f4xx_hal.o
    0x08001cc8   0x08001cc8   0x00000028   Code   RO         1544    i.HAL_InitTick      stm32f4xx_hal.o
    0x08001cf0   0x08001cf0   0x00000056   Code   RO         5423    i.HAL_MspInit       stm32f4xx_hal_msp.o
    0x08001d46   0x08001d46   0x00000002   PAD
    0x08001d48   0x08001d48   0x0000001c   Code   RO         3097    i.HAL_NVIC_DisableIRQ  stm32f4xx_hal_cortex.o
    0x08001d64   0x08001d64   0x0000001a   Code   RO         3098    i.HAL_NVIC_EnableIRQ  stm32f4xx_hal_cortex.o
    0x08001d7e   0x08001d7e   0x0000007c   Code   RO         3104    i.HAL_NVIC_SetPriority  stm32f4xx_hal_cortex.o
    0x08001dfa   0x08001dfa   0x00000002   PAD
    0x08001dfc   0x08001dfc   0x00000028   Code   RO         3105    i.HAL_NVIC_SetPriorityGrouping  stm32f4xx_hal_cortex.o
    0x08001e24   0x08001e24   0x0000000a   Code   RO         2226    i.HAL_PCDEx_SetRxFiFo  stm32f4xx_hal_pcd_ex.o
    0x08001e2e   0x08001e2e   0x00000052   Code   RO         2227    i.HAL_PCDEx_SetTxFiFo  stm32f4xx_hal_pcd_ex.o
    0x08001e80   0x08001e80   0x0000000e   Code   RO         4987    i.HAL_PCD_ConnectCallback  usbd_conf.o
    0x08001e8e   0x08001e8e   0x00000020   Code   RO         4988    i.HAL_PCD_DataInStageCallback  usbd_conf.o
    0x08001eae   0x08001eae   0x00000020   Code   RO         4989    i.HAL_PCD_DataOutStageCallback  usbd_conf.o
    0x08001ece   0x08001ece   0x0000000e   Code   RO         4990    i.HAL_PCD_DisconnectCallback  usbd_conf.o
    0x08001edc   0x08001edc   0x0000006a   Code   RO         2020    i.HAL_PCD_EP_Close  stm32f4xx_hal_pcd.o
    0x08001f46   0x08001f46   0x00000068   Code   RO         2021    i.HAL_PCD_EP_ClrStall  stm32f4xx_hal_pcd.o
    0x08001fae   0x08001fae   0x00000018   Code   RO         2023    i.HAL_PCD_EP_GetRxCount  stm32f4xx_hal_pcd.o
    0x08001fc6   0x08001fc6   0x0000008c   Code   RO         2024    i.HAL_PCD_EP_Open   stm32f4xx_hal_pcd.o
    0x08002052   0x08002052   0x00000058   Code   RO         2025    i.HAL_PCD_EP_Receive  stm32f4xx_hal_pcd.o
    0x080020aa   0x080020aa   0x0000007a   Code   RO         2026    i.HAL_PCD_EP_SetStall  stm32f4xx_hal_pcd.o
    0x08002124   0x08002124   0x0000005a   Code   RO         2027    i.HAL_PCD_EP_Transmit  stm32f4xx_hal_pcd.o
    0x0800217e   0x0800217e   0x00000002   PAD
    0x08002180   0x08002180   0x00000694   Code   RO         2029    i.HAL_PCD_IRQHandler  stm32f4xx_hal_pcd.o
    0x08002814   0x08002814   0x00000012   Code   RO         4991    i.HAL_PCD_ISOINIncompleteCallback  usbd_conf.o
    0x08002826   0x08002826   0x00000012   Code   RO         4992    i.HAL_PCD_ISOOUTIncompleteCallback  usbd_conf.o
    0x08002838   0x08002838   0x00000142   Code   RO         2032    i.HAL_PCD_Init      stm32f4xx_hal_pcd.o
    0x0800297a   0x0800297a   0x00000002   PAD
    0x0800297c   0x0800297c   0x0000007c   Code   RO         4994    i.HAL_PCD_MspInit   usbd_conf.o
    0x080029f8   0x080029f8   0x00000032   Code   RO         4995    i.HAL_PCD_ResetCallback  usbd_conf.o
    0x08002a2a   0x08002a2a   0x0000000e   Code   RO         4996    i.HAL_PCD_ResumeCallback  usbd_conf.o
    0x08002a38   0x08002a38   0x0000000e   Code   RO         4997    i.HAL_PCD_SOFCallback  usbd_conf.o
    0x08002a46   0x08002a46   0x00000032   Code   RO         2038    i.HAL_PCD_SetAddress  stm32f4xx_hal_pcd.o
    0x08002a78   0x08002a78   0x00000012   Code   RO         4998    i.HAL_PCD_SetupStageCallback  usbd_conf.o
    0x08002a8a   0x08002a8a   0x00000034   Code   RO         2040    i.HAL_PCD_Start     stm32f4xx_hal_pcd.o
    0x08002abe   0x08002abe   0x00000002   PAD
    0x08002ac0   0x08002ac0   0x00000034   Code   RO         4999    i.HAL_PCD_SuspendCallback  usbd_conf.o
    0x08002af4   0x08002af4   0x000001b8   Code   RO         2258    i.HAL_RCCEx_PeriphCLKConfig  stm32f4xx_hal_rcc_ex.o
    0x08002cac   0x08002cac   0x000001d0   Code   RO         2992    i.HAL_RCC_ClockConfig  stm32f4xx_hal_rcc.o
    0x08002e7c   0x08002e7c   0x0000000c   Code   RO         2997    i.HAL_RCC_GetHCLKFreq  stm32f4xx_hal_rcc.o
    0x08002e88   0x08002e88   0x0000002c   Code   RO         2999    i.HAL_RCC_GetPCLK1Freq  stm32f4xx_hal_rcc.o
    0x08002eb4   0x08002eb4   0x0000002c   Code   RO         3000    i.HAL_RCC_GetPCLK2Freq  stm32f4xx_hal_rcc.o
    0x08002ee0   0x08002ee0   0x000000b4   Code   RO         3001    i.HAL_RCC_GetSysClockFreq  stm32f4xx_hal_rcc.o
    0x08002f94   0x08002f94   0x0000044c   Code   RO         3004    i.HAL_RCC_OscConfig  stm32f4xx_hal_rcc.o
    0x080033e0   0x080033e0   0x00000012   Code   RO         2764    i.HAL_RTCEx_BKUPRead  stm32f4xx_hal_rtc_ex.o
    0x080033f2   0x080033f2   0x00000012   Code   RO         2765    i.HAL_RTCEx_BKUPWrite  stm32f4xx_hal_rtc_ex.o
    0x08003404   0x08003404   0x000000fe   Code   RO         2790    i.HAL_RTCEx_SetWakeUpTimer  stm32f4xx_hal_rtc_ex.o
    0x08003502   0x08003502   0x00000002   PAD
    0x08003504   0x08003504   0x000000b4   Code   RO         1092    i.HAL_RTC_Init      stm32f4xx_hal_rtc.o
    0x080035b8   0x080035b8   0x00000018   Code   RO         5425    i.HAL_RTC_MspInit   stm32f4xx_hal_msp.o
    0x080035d0   0x080035d0   0x000001e8   Code   RO         1096    i.HAL_RTC_SetAlarm  stm32f4xx_hal_rtc.o
    0x080037b8   0x080037b8   0x00000114   Code   RO         1098    i.HAL_RTC_SetDate   stm32f4xx_hal_rtc.o
    0x080038cc   0x080038cc   0x00000134   Code   RO         1099    i.HAL_RTC_SetTime   stm32f4xx_hal_rtc.o
    0x08003a00   0x08003a00   0x0000003a   Code   RO         1100    i.HAL_RTC_WaitForSynchro  stm32f4xx_hal_rtc.o
    0x08003a3a   0x08003a3a   0x00000036   Code   RO         3509    i.HAL_SPI_DeInit    stm32f4xx_hal_spi.o
    0x08003a70   0x08003a70   0x00000002   Code   RO         3510    i.HAL_SPI_ErrorCallback  stm32f4xx_hal_spi.o
    0x08003a72   0x08003a72   0x00000002   PAD
    0x08003a74   0x08003a74   0x00000138   Code   RO         3513    i.HAL_SPI_IRQHandler  stm32f4xx_hal_spi.o
    0x08003bac   0x08003bac   0x0000008c   Code   RO         3514    i.HAL_SPI_Init      stm32f4xx_hal_spi.o
    0x08003c38   0x08003c38   0x0000006c   Code   RO         5426    i.HAL_SPI_MspDeInit  stm32f4xx_hal_msp.o
    0x08003ca4   0x08003ca4   0x000000e8   Code   RO         5427    i.HAL_SPI_MspInit   stm32f4xx_hal_msp.o
    0x08003d8c   0x08003d8c   0x0000016c   Code   RO         3517    i.HAL_SPI_Receive   stm32f4xx_hal_spi.o
    0x08003ef8   0x08003ef8   0x000001a6   Code   RO         3522    i.HAL_SPI_Transmit  stm32f4xx_hal_spi.o
    0x0800409e   0x0800409e   0x0000021e   Code   RO         3523    i.HAL_SPI_TransmitReceive  stm32f4xx_hal_spi.o
    0x080042bc   0x080042bc   0x00000028   Code   RO         3107    i.HAL_SYSTICK_CLKSourceConfig  stm32f4xx_hal_cortex.o
    0x080042e4   0x080042e4   0x00000002   Code   RO         3108    i.HAL_SYSTICK_Callback  stm32f4xx_hal_cortex.o
    0x080042e6   0x080042e6   0x00000034   Code   RO         3109    i.HAL_SYSTICK_Config  stm32f4xx_hal_cortex.o
    0x0800431a   0x0800431a   0x00000008   Code   RO         3110    i.HAL_SYSTICK_IRQHandler  stm32f4xx_hal_cortex.o
    0x08004322   0x08004322   0x00000062   Code   RO         1305    i.HAL_TIMEx_MasterConfigSynchronization  stm32f4xx_hal_tim_ex.o
    0x08004384   0x08004384   0x00000034   Code   RO         3863    i.HAL_TIM_Base_Init  stm32f4xx_hal_tim.o
    0x080043b8   0x080043b8   0x00000034   Code   RO         5429    i.HAL_TIM_Base_MspInit  stm32f4xx_hal_msp.o
    0x080043ec   0x080043ec   0x00000132   Code   RO         3872    i.HAL_TIM_ConfigClockSource  stm32f4xx_hal_tim.o
    0x0800451e   0x0800451e   0x00000072   Code   RO         1705    i.HAL_UART_Init     stm32f4xx_hal_uart.o
    0x08004590   0x08004590   0x0000005c   Code   RO         5431    i.HAL_UART_MspInit  stm32f4xx_hal_msp.o
    0x080045ec   0x080045ec   0x000004f2   Code   RO         3254    i.HCD_HC_IN_IRQHandler  stm32f4xx_hal_hcd.o
    0x08004ade   0x08004ade   0x000004d0   Code   RO         3255    i.HCD_HC_OUT_IRQHandler  stm32f4xx_hal_hcd.o
    0x08004fae   0x08004fae   0x000000d2   Code   RO         3256    i.HCD_Port_IRQHandler  stm32f4xx_hal_hcd.o
    0x08005080   0x08005080   0x00000108   Code   RO         3257    i.HCD_RXQLVL_IRQHandler  stm32f4xx_hal_hcd.o
    0x08005188   0x08005188   0x000001b8   Code   RO         4617    i.HandleCmd         main.o
    0x08005340   0x08005340   0x00000004   Code   RO         5306    i.HardFault_Handler  stm32f4xx_it.o
    0x08005344   0x08005344   0x0000001c   Code   RO         4618    i.JTAG_EnterDR      main.o
    0x08005360   0x08005360   0x00000050   Code   RO         4620    i.JTAG_IR           main.o
    0x080053b0   0x080053b0   0x0000003e   Code   RO         4621    i.JTAG_LastByte     main.o
    0x080053ee   0x080053ee   0x00000018   Code   RO         4622    i.JTAG_RTI          main.o
    0x08005406   0x08005406   0x00000002   PAD
    0x08005408   0x08005408   0x0000003c   Code   RO         4623    i.JTAG_SetPins      main.o
    0x08005444   0x08005444   0x00000016   Code   RO         4624    i.JTAG_TLR          main.o
    0x0800545a   0x0800545a   0x0000004a   Code   RO         4625    i.JTAG_Transmit     main.o
    0x080054a4   0x080054a4   0x00000034   Code   RO         4626    i.MX_CRC_Init       main.o
    0x080054d8   0x080054d8   0x00000158   Code   RO         4627    i.MX_GPIO_Init      main.o
    0x08005630   0x08005630   0x000000f8   Code   RO         5505    i.MX_LWIP_Init      lwip.o
    0x08005728   0x08005728   0x0000012c   Code   RO         4628    i.MX_RTC_Init       main.o
    0x08005854   0x08005854   0x00000060   Code   RO         4629    i.MX_SPI2_Init      main.o
    0x080058b4   0x080058b4   0x00000010   Code   RO         4630    i.MX_SPI3_Deinit    main.o
    0x080058c4   0x080058c4   0x00000058   Code   RO         4631    i.MX_SPI3_Init      main.o
    0x0800591c   0x0800591c   0x0000007c   Code   RO         4632    i.MX_TIM1_Init      main.o
    0x08005998   0x08005998   0x0000004c   Code   RO         4633    i.MX_USART1_UART_Init  main.o
    0x080059e4   0x080059e4   0x00000034   Code   RO          550    i.MX_USB_DEVICE_Init  usb_device.o
    0x08005a18   0x08005a18   0x00000028   Code   RO         5735    i.MX_USB_HOST_Init  usb_host.o
    0x08005a40   0x08005a40   0x00000004   Code   RO         5307    i.MemManage_Handler  stm32f4xx_it.o
    0x08005a44   0x08005a44   0x00000002   Code   RO         5308    i.NMI_Handler       stm32f4xx_it.o
    0x08005a46   0x08005a46   0x00000002   PAD
    0x08005a48   0x08005a48   0x00000010   Code   RO         3111    i.NVIC_GetPriorityGrouping  stm32f4xx_hal_cortex.o
    0x08005a58   0x08005a58   0x00000028   Code   RO         3112    i.NVIC_SetPriority  stm32f4xx_hal_cortex.o
    0x08005a80   0x08005a80   0x00000010   Code   RO         5309    i.OTG_FS_IRQHandler  stm32f4xx_it.o
    0x08005a90   0x08005a90   0x00000010   Code   RO         5310    i.OTG_HS_EP1_IN_IRQHandler  stm32f4xx_it.o
    0x08005aa0   0x08005aa0   0x00000010   Code   RO         5311    i.OTG_HS_EP1_OUT_IRQHandler  stm32f4xx_it.o
    0x08005ab0   0x08005ab0   0x00000010   Code   RO         5312    i.OTG_HS_IRQHandler  stm32f4xx_it.o
    0x08005ac0   0x08005ac0   0x000000a2   Code   RO         2043    i.PCD_WriteEmptyTxFifo  stm32f4xx_hal_pcd.o
    0x08005b62   0x08005b62   0x00000002   PAD
    0x08005b64   0x08005b64   0x000000cc   Code   RO         4634    i.PageProgram       main.o
    0x08005c30   0x08005c30   0x00000002   Code   RO         5313    i.PendSV_Handler    stm32f4xx_it.o
    0x08005c32   0x08005c32   0x00000016   Code   RO         1101    i.RTC_Bcd2ToByte    stm32f4xx_hal_rtc.o
    0x08005c48   0x08005c48   0x0000001a   Code   RO         1102    i.RTC_ByteToBcd2    stm32f4xx_hal_rtc.o
    0x08005c62   0x08005c62   0x0000003e   Code   RO         1103    i.RTC_EnterInitMode  stm32f4xx_hal_rtc.o
    0x08005ca0   0x08005ca0   0x00000010   Code   RO         5314    i.SPI2_IRQHandler   stm32f4xx_it.o
    0x08005cb0   0x08005cb0   0x00000010   Code   RO         5315    i.SPI3_IRQHandler   stm32f4xx_it.o
    0x08005cc0   0x08005cc0   0x00000014   Code   RO         4637    i.SPI3_WriteByte    main.o
    0x08005cd4   0x08005cd4   0x00000028   Code   RO         3538    i.SPI_CheckFlag_BSY  stm32f4xx_hal_spi.o
    0x08005cfc   0x08005cfc   0x00000014   Code   RO         3542    i.SPI_DMAAbortOnError  stm32f4xx_hal_spi.o
    0x08005d10   0x08005d10   0x000000aa   Code   RO         3556    i.SPI_WaitFlagStateUntilTimeout  stm32f4xx_hal_spi.o
    0x08005dba   0x08005dba   0x00000002   Code   RO         5316    i.SVC_Handler       stm32f4xx_it.o
    0x08005dbc   0x08005dbc   0x0000003c   Code   RO         4640    i.StartConfiguation  main.o
    0x08005df8   0x08005df8   0x0000000c   Code   RO         5317    i.SysTick_Handler   stm32f4xx_it.o
    0x08005e04   0x08005e04   0x00000104   Code   RO         4641    i.SystemClock_Config  main.o
    0x08005f08   0x08005f08   0x00000064   Code   RO         4503    i.SystemInit        system_stm32f4xx.o
    0x08005f6c   0x08005f6c   0x000000e4   Code   RO         3947    i.TIM_Base_SetConfig  stm32f4xx_hal_tim.o
    0x08006050   0x08006050   0x00000018   Code   RO         3954    i.TIM_ETR_SetConfig  stm32f4xx_hal_tim.o
    0x08006068   0x08006068   0x00000014   Code   RO         3955    i.TIM_ITRx_SetConfig  stm32f4xx_hal_tim.o
    0x0800607c   0x0800607c   0x0000002a   Code   RO         3961    i.TIM_TI1_ConfigInputStage  stm32f4xx_hal_tim.o
    0x080060a6   0x080060a6   0x0000002c   Code   RO         3963    i.TIM_TI2_ConfigInputStage  stm32f4xx_hal_tim.o
    0x080060d2   0x080060d2   0x00000002   PAD
    0x080060d4   0x080060d4   0x00000368   Code   RO         1732    i.UART_SetConfig    stm32f4xx_hal_uart.o
    0x0800643c   0x0800643c   0x0000001a   Code   RO            4    i.USBD_CDC_DataIn   usbd_cdc.o
    0x08006456   0x08006456   0x00000034   Code   RO            5    i.USBD_CDC_DataOut  usbd_cdc.o
    0x0800648a   0x0800648a   0x00000040   Code   RO            6    i.USBD_CDC_DeInit   usbd_cdc.o
    0x080064ca   0x080064ca   0x00000032   Code   RO            7    i.USBD_CDC_EP0_RxReady  usbd_cdc.o
    0x080064fc   0x080064fc   0x00000010   Code   RO            8    i.USBD_CDC_GetDeviceQualifierDescriptor  usbd_cdc.o
    0x0800650c   0x0800650c   0x00000010   Code   RO            9    i.USBD_CDC_GetFSCfgDesc  usbd_cdc.o
    0x0800651c   0x0800651c   0x00000010   Code   RO           10    i.USBD_CDC_GetHSCfgDesc  usbd_cdc.o
    0x0800652c   0x0800652c   0x00000010   Code   RO           11    i.USBD_CDC_GetOtherSpeedCfgDesc  usbd_cdc.o
    0x0800653c   0x0800653c   0x000000a6   Code   RO           12    i.USBD_CDC_Init     usbd_cdc.o
    0x080065e2   0x080065e2   0x0000003a   Code   RO           13    i.USBD_CDC_ReceivePacket  usbd_cdc.o
    0x0800661c   0x0800661c   0x0000000e   Code   RO           14    i.USBD_CDC_RegisterInterface  usbd_cdc.o
    0x0800662a   0x0800662a   0x0000000e   Code   RO           15    i.USBD_CDC_SetRxBuffer  usbd_cdc.o
    0x08006638   0x08006638   0x00000014   Code   RO           16    i.USBD_CDC_SetTxBuffer  usbd_cdc.o
    0x0800664c   0x0800664c   0x00000090   Code   RO           17    i.USBD_CDC_Setup    usbd_cdc.o
    0x080066dc   0x080066dc   0x00000038   Code   RO           18    i.USBD_CDC_TransmitPacket  usbd_cdc.o
    0x08006714   0x08006714   0x00000016   Code   RO          412    i.USBD_ClrClassConfig  usbd_core.o
    0x0800672a   0x0800672a   0x00000044   Code   RO          317    i.USBD_ClrFeature   usbd_ctlreq.o
    0x0800676e   0x0800676e   0x00000018   Code   RO          257    i.USBD_CtlContinueRx  usbd_ioreq.o
    0x08006786   0x08006786   0x00000018   Code   RO          258    i.USBD_CtlContinueSendData  usbd_ioreq.o
    0x0800679e   0x0800679e   0x00000018   Code   RO          318    i.USBD_CtlError     usbd_ctlreq.o
    0x080067b6   0x080067b6   0x00000028   Code   RO          259    i.USBD_CtlPrepareRx  usbd_ioreq.o
    0x080067de   0x080067de   0x0000001a   Code   RO          260    i.USBD_CtlReceiveStatus  usbd_ioreq.o
    0x080067f8   0x080067f8   0x00000022   Code   RO          261    i.USBD_CtlSendData  usbd_ioreq.o
    0x0800681a   0x0800681a   0x0000001a   Code   RO          262    i.USBD_CtlSendStatus  usbd_ioreq.o
    0x08006834   0x08006834   0x00000034   Code   RO         4539    i.USBD_FS_ConfigStrDescriptor  usbd_desc.o
    0x08006868   0x08006868   0x00000010   Code   RO         4540    i.USBD_FS_DeviceDescriptor  usbd_desc.o
    0x08006878   0x08006878   0x00000038   Code   RO         4541    i.USBD_FS_InterfaceStrDescriptor  usbd_desc.o
    0x080068b0   0x080068b0   0x00000010   Code   RO         4542    i.USBD_FS_LangIDStrDescriptor  usbd_desc.o
    0x080068c0   0x080068c0   0x0000002c   Code   RO         4543    i.USBD_FS_ManufacturerStrDescriptor  usbd_desc.o
    0x080068ec   0x080068ec   0x00000040   Code   RO         4544    i.USBD_FS_ProductStrDescriptor  usbd_desc.o
    0x0800692c   0x0800692c   0x00000038   Code   RO         4545    i.USBD_FS_SerialStrDescriptor  usbd_desc.o
    0x08006964   0x08006964   0x00000050   Code   RO          319    i.USBD_GetConfig    usbd_ctlreq.o
    0x080069b4   0x080069b4   0x00000148   Code   RO          320    i.USBD_GetDescriptor  usbd_ctlreq.o
    0x08006afc   0x08006afc   0x00000014   Code   RO          321    i.USBD_GetLen       usbd_ctlreq.o
    0x08006b10   0x08006b10   0x00000044   Code   RO          322    i.USBD_GetStatus    usbd_ctlreq.o
    0x08006b54   0x08006b54   0x00000052   Code   RO          323    i.USBD_GetString    usbd_ctlreq.o
    0x08006ba6   0x08006ba6   0x00000032   Code   RO          414    i.USBD_Init         usbd_core.o
    0x08006bd8   0x08006bd8   0x00000044   Code   RO         5000    i.USBD_LL_ClearStallEP  usbd_conf.o
    0x08006c1c   0x08006c1c   0x00000044   Code   RO         5001    i.USBD_LL_CloseEP   usbd_conf.o
    0x08006c60   0x08006c60   0x000000da   Code   RO          415    i.USBD_LL_DataInStage  usbd_core.o
    0x08006d3a   0x08006d3a   0x00000086   Code   RO          416    i.USBD_LL_DataOutStage  usbd_core.o
    0x08006dc0   0x08006dc0   0x00000006   Code   RO          417    i.USBD_LL_DevConnected  usbd_core.o
    0x08006dc6   0x08006dc6   0x0000001a   Code   RO          418    i.USBD_LL_DevDisconnected  usbd_core.o
    0x08006de0   0x08006de0   0x00000012   Code   RO         5005    i.USBD_LL_GetRxDataSize  usbd_conf.o
    0x08006df2   0x08006df2   0x00000002   PAD
    0x08006df4   0x08006df4   0x00000084   Code   RO         5006    i.USBD_LL_Init      usbd_conf.o
    0x08006e78   0x08006e78   0x00000038   Code   RO         5007    i.USBD_LL_IsStallEP  usbd_conf.o
    0x08006eb0   0x08006eb0   0x00000006   Code   RO          419    i.USBD_LL_IsoINIncomplete  usbd_core.o
    0x08006eb6   0x08006eb6   0x00000006   Code   RO          420    i.USBD_LL_IsoOUTIncomplete  usbd_core.o
    0x08006ebc   0x08006ebc   0x00000062   Code   RO         5008    i.USBD_LL_OpenEP    usbd_conf.o
    0x08006f1e   0x08006f1e   0x00000062   Code   RO         5009    i.USBD_LL_PrepareReceive  usbd_conf.o
    0x08006f80   0x08006f80   0x00000044   Code   RO          421    i.USBD_LL_Reset     usbd_core.o
    0x08006fc4   0x08006fc4   0x0000000e   Code   RO          422    i.USBD_LL_Resume    usbd_core.o
    0x08006fd2   0x08006fd2   0x00000022   Code   RO          423    i.USBD_LL_SOF       usbd_core.o
    0x08006ff4   0x08006ff4   0x00000008   Code   RO          424    i.USBD_LL_SetSpeed  usbd_core.o
    0x08006ffc   0x08006ffc   0x00000044   Code   RO         5010    i.USBD_LL_SetUSBAddress  usbd_conf.o
    0x08007040   0x08007040   0x0000006e   Code   RO          425    i.USBD_LL_SetupStage  usbd_core.o
    0x080070ae   0x080070ae   0x00000044   Code   RO         5011    i.USBD_LL_StallEP   usbd_conf.o
    0x080070f2   0x080070f2   0x0000003c   Code   RO         5012    i.USBD_LL_Start     usbd_conf.o
    0x0800712e   0x0800712e   0x00000014   Code   RO          426    i.USBD_LL_Suspend   usbd_core.o
    0x08007142   0x08007142   0x00000062   Code   RO         5014    i.USBD_LL_Transmit  usbd_conf.o
    0x080071a4   0x080071a4   0x00000028   Code   RO          324    i.USBD_ParseSetupRequest  usbd_ctlreq.o
    0x080071cc   0x080071cc   0x00000010   Code   RO          427    i.USBD_RegisterClass  usbd_core.o
    0x080071dc   0x080071dc   0x00000006   Code   RO          428    i.USBD_RunTestMode  usbd_core.o
    0x080071e2   0x080071e2   0x00000054   Code   RO          325    i.USBD_SetAddress   usbd_ctlreq.o
    0x08007236   0x08007236   0x00000022   Code   RO          429    i.USBD_SetClassConfig  usbd_core.o
    0x08007258   0x08007258   0x000000e0   Code   RO          326    i.USBD_SetConfig    usbd_ctlreq.o
    0x08007338   0x08007338   0x00000024   Code   RO          327    i.USBD_SetFeature   usbd_ctlreq.o
    0x0800735c   0x0800735c   0x0000000e   Code   RO          430    i.USBD_Start        usbd_core.o
    0x0800736a   0x0800736a   0x00000072   Code   RO          328    i.USBD_StdDevReq    usbd_ctlreq.o
    0x080073dc   0x080073dc   0x00000156   Code   RO          329    i.USBD_StdEPReq     usbd_ctlreq.o
    0x08007532   0x08007532   0x0000004a   Code   RO          330    i.USBD_StdItfReq    usbd_ctlreq.o
    0x0800757c   0x0800757c   0x00000026   Code   RO         8701    i.USBH_AllocPipe    usbh_pipes.o
    0x080075a2   0x080075a2   0x00000012   Code   RO         8702    i.USBH_ClosePipe    usbh_pipes.o
    0x080075b4   0x080075b4   0x00000028   Code   RO         8901    i.USBH_ClrFeature   usbh_ctlreq.o
    0x080075dc   0x080075dc   0x0000002a   Code   RO         9138    i.USBH_CtlReceiveData  usbh_ioreq.o
    0x08007606   0x08007606   0x00000054   Code   RO         8902    i.USBH_CtlReq       usbh_ctlreq.o
    0x0800765a   0x0800765a   0x00000034   Code   RO         9139    i.USBH_CtlSendData  usbh_ioreq.o
    0x0800768e   0x0800768e   0x00000026   Code   RO         9140    i.USBH_CtlSendSetup  usbh_ioreq.o
    0x080076b4   0x080076b4   0x00000050   Code   RO         8750    i.USBH_FindInterface  usbh_core.o
    0x08007704   0x08007704   0x0000001e   Code   RO         8703    i.USBH_FreePipe     usbh_pipes.o
    0x08007722   0x08007722   0x0000004a   Code   RO         8903    i.USBH_GetDescriptor  usbh_ctlreq.o
    0x0800776c   0x0800776c   0x00000028   Code   RO         8704    i.USBH_GetFreePipe  usbh_pipes.o
    0x08007794   0x08007794   0x00000094   Code   RO         9009    i.USBH_HID_ClassRequest  usbh_hid.o
    0x08007828   0x08007828   0x00000002   Code   RO         9010    i.USBH_HID_EventCallback  usbh_hid.o
    0x0800782a   0x0800782a   0x0000001e   Code   RO         9012    i.USBH_HID_GetHIDDescriptor  usbh_hid.o
    0x08007848   0x08007848   0x0000001e   Code   RO         9013    i.USBH_HID_GetHIDReportDescriptor  usbh_hid.o
    0x08007866   0x08007866   0x00000034   Code   RO         9015    i.USBH_HID_GetReport  usbh_hid.o
    0x0800789a   0x0800789a   0x00000050   Code   RO         9016    i.USBH_HID_InterfaceDeInit  usbh_hid.o
    0x080078ea   0x080078ea   0x00000002   PAD
    0x080078ec   0x080078ec   0x000001f0   Code   RO         9017    i.USBH_HID_InterfaceInit  usbh_hid.o
    0x08007adc   0x08007adc   0x00000058   Code   RO         8658    i.USBH_HID_KeybdInit  usbh_hid_keybd.o
    0x08007b34   0x08007b34   0x0000004c   Code   RO         8612    i.USBH_HID_MouseInit  usbh_hid_mouse.o
    0x08007b80   0x08007b80   0x0000002a   Code   RO         9018    i.USBH_HID_ParseHIDDesc  usbh_hid.o
    0x08007baa   0x08007baa   0x000000c8   Code   RO         9019    i.USBH_HID_Process  usbh_hid.o
    0x08007c72   0x08007c72   0x00000024   Code   RO         9020    i.USBH_HID_SOFProcess  usbh_hid.o
    0x08007c96   0x08007c96   0x00000028   Code   RO         9021    i.USBH_HID_SetIdle  usbh_hid.o
    0x08007cbe   0x08007cbe   0x0000002a   Code   RO         9022    i.USBH_HID_SetProtocol  usbh_hid.o
    0x08007ce8   0x08007ce8   0x000001be   Code   RO         8908    i.USBH_HandleControl  usbh_ctlreq.o
    0x08007ea6   0x08007ea6   0x0000001c   Code   RO         8754    i.USBH_HandleSof    usbh_core.o
    0x08007ec2   0x08007ec2   0x00000032   Code   RO         8755    i.USBH_Init         usbh_core.o
    0x08007ef4   0x08007ef4   0x0000002a   Code   RO         9141    i.USBH_InterruptReceiveData  usbh_ioreq.o
    0x08007f1e   0x08007f1e   0x00000044   Code   RO         5576    i.USBH_LL_ClosePipe  usbh_conf.o
    0x08007f62   0x08007f62   0x0000002e   Code   RO         8756    i.USBH_LL_Connect   usbh_core.o
    0x08007f90   0x08007f90   0x0000003e   Code   RO         8757    i.USBH_LL_Disconnect  usbh_core.o
    0x08007fce   0x08007fce   0x00000018   Code   RO         5578    i.USBH_LL_DriverVBUS  usbh_conf.o
    0x08007fe6   0x08007fe6   0x00000012   Code   RO         5582    i.USBH_LL_GetURBState  usbh_conf.o
    0x08007ff8   0x08007ff8   0x00000016   Code   RO         8758    i.USBH_LL_IncTimer  usbh_core.o
    0x0800800e   0x0800800e   0x00000002   PAD
    0x08008010   0x08008010   0x00000078   Code   RO         5583    i.USBH_LL_Init      usbh_conf.o
    0x08008088   0x08008088   0x00000072   Code   RO         5584    i.USBH_LL_OpenPipe  usbh_conf.o
    0x080080fa   0x080080fa   0x00000006   Code   RO         8759    i.USBH_LL_SetTimer  usbh_core.o
    0x08008100   0x08008100   0x0000003a   Code   RO         5586    i.USBH_LL_SetToggle  usbh_conf.o
    0x0800813a   0x0800813a   0x0000003c   Code   RO         5587    i.USBH_LL_Start     usbh_conf.o
    0x08008176   0x08008176   0x0000003c   Code   RO         5588    i.USBH_LL_Stop      usbh_conf.o
    0x080081b2   0x080081b2   0x00000076   Code   RO         5589    i.USBH_LL_SubmitURB  usbh_conf.o
    0x08008228   0x08008228   0x0000002a   Code   RO         8705    i.USBH_OpenPipe     usbh_pipes.o
    0x08008252   0x08008252   0x0000002a   Code   RO         8762    i.USBH_RegisterClass  usbh_core.o
    0x0800827c   0x0800827c   0x00000016   Code   RO         8763    i.USBH_SelectInterface  usbh_core.o
    0x08008292   0x08008292   0x00000016   Code   RO         8764    i.USBH_Start        usbh_core.o
    0x080082a8   0x080082a8   0x00000038   Code   RO         5737    i.USBH_UserProcess  usb_host.o
    0x080082e0   0x080082e0   0x000000c4   Code   RO         2476    i.USB_ActivateEndpoint  stm32f4xx_ll_usb.o
    0x080083a4   0x080083a4   0x00000044   Code   RO         2477    i.USB_ActivateSetup  stm32f4xx_ll_usb.o
    0x080083e8   0x080083e8   0x00000070   Code   RO         2479    i.USB_CoreInit      stm32f4xx_ll_usb.o
    0x08008458   0x08008458   0x0000004c   Code   RO         2480    i.USB_CoreReset     stm32f4xx_ll_usb.o
    0x080084a4   0x080084a4   0x0000010c   Code   RO         2482    i.USB_DeactivateEndpoint  stm32f4xx_ll_usb.o
    0x080085b0   0x080085b0   0x0000001e   Code   RO         2483    i.USB_DevConnect    stm32f4xx_ll_usb.o
    0x080085ce   0x080085ce   0x0000001e   Code   RO         2484    i.USB_DevDisconnect  stm32f4xx_ll_usb.o
    0x080085ec   0x080085ec   0x000001a0   Code   RO         2485    i.USB_DevInit       stm32f4xx_ll_usb.o
    0x0800878c   0x0800878c   0x0000000e   Code   RO         2486    i.USB_DisableGlobalInt  stm32f4xx_ll_usb.o
    0x0800879a   0x0800879a   0x00000002   PAD
    0x0800879c   0x0800879c   0x00000040   Code   RO         2487    i.USB_DoPing        stm32f4xx_ll_usb.o
    0x080087dc   0x080087dc   0x00000044   Code   RO         2488    i.USB_DriveVbus     stm32f4xx_ll_usb.o
    0x08008820   0x08008820   0x000001ac   Code   RO         2489    i.USB_EP0StartXfer  stm32f4xx_ll_usb.o
    0x080089cc   0x080089cc   0x00000044   Code   RO         2490    i.USB_EP0_OutStart  stm32f4xx_ll_usb.o
    0x08008a10   0x08008a10   0x00000088   Code   RO         2491    i.USB_EPClearStall  stm32f4xx_ll_usb.o
    0x08008a98   0x08008a98   0x0000008c   Code   RO         2492    i.USB_EPSetStall    stm32f4xx_ll_usb.o
    0x08008b24   0x08008b24   0x000002d0   Code   RO         2493    i.USB_EPStartXfer   stm32f4xx_ll_usb.o
    0x08008df4   0x08008df4   0x0000000e   Code   RO         2494    i.USB_EnableGlobalInt  stm32f4xx_ll_usb.o
    0x08008e02   0x08008e02   0x00000002   PAD
    0x08008e04   0x08008e04   0x0000002c   Code   RO         2495    i.USB_FlushRxFifo   stm32f4xx_ll_usb.o
    0x08008e30   0x08008e30   0x00000030   Code   RO         2496    i.USB_FlushTxFifo   stm32f4xx_ll_usb.o
    0x08008e60   0x08008e60   0x0000000c   Code   RO         2497    i.USB_GetCurrentFrame  stm32f4xx_ll_usb.o
    0x08008e6c   0x08008e6c   0x00000044   Code   RO         2498    i.USB_GetDevSpeed   stm32f4xx_ll_usb.o
    0x08008eb0   0x08008eb0   0x0000000a   Code   RO         2500    i.USB_GetMode       stm32f4xx_ll_usb.o
    0x08008eba   0x08008eba   0x00000148   Code   RO         2501    i.USB_HC_Halt       stm32f4xx_ll_usb.o
    0x08009002   0x08009002   0x00000188   Code   RO         2502    i.USB_HC_Init       stm32f4xx_ll_usb.o
    0x0800918a   0x0800918a   0x0000000c   Code   RO         2503    i.USB_HC_ReadInterrupt  stm32f4xx_ll_usb.o
    0x08009196   0x08009196   0x00000002   PAD
    0x08009198   0x08009198   0x00000188   Code   RO         2504    i.USB_HC_StartXfer  stm32f4xx_ll_usb.o
    0x08009320   0x08009320   0x000000ec   Code   RO         2505    i.USB_HostInit      stm32f4xx_ll_usb.o
    0x0800940c   0x0800940c   0x0000003e   Code   RO         2506    i.USB_InitFSLSPClkSel  stm32f4xx_ll_usb.o
    0x0800944a   0x0800944a   0x00000012   Code   RO         2507    i.USB_ReadDevAllInEpInterrupt  stm32f4xx_ll_usb.o
    0x0800945c   0x0800945c   0x00000012   Code   RO         2508    i.USB_ReadDevAllOutEpInterrupt  stm32f4xx_ll_usb.o
    0x0800946e   0x0800946e   0x0000002c   Code   RO         2509    i.USB_ReadDevInEPInterrupt  stm32f4xx_ll_usb.o
    0x0800949a   0x0800949a   0x00000016   Code   RO         2510    i.USB_ReadDevOutEPInterrupt  stm32f4xx_ll_usb.o
    0x080094b0   0x080094b0   0x0000000c   Code   RO         2511    i.USB_ReadInterrupts  stm32f4xx_ll_usb.o
    0x080094bc   0x080094bc   0x00000022   Code   RO         2512    i.USB_ReadPacket    stm32f4xx_ll_usb.o
    0x080094de   0x080094de   0x00000030   Code   RO         2514    i.USB_SetCurrentMode  stm32f4xx_ll_usb.o
    0x0800950e   0x0800950e   0x00000024   Code   RO         2515    i.USB_SetDevAddress  stm32f4xx_ll_usb.o
    0x08009532   0x08009532   0x00000010   Code   RO         2516    i.USB_SetDevSpeed   stm32f4xx_ll_usb.o
    0x08009542   0x08009542   0x000000ae   Code   RO         2518    i.USB_StopHost      stm32f4xx_ll_usb.o
    0x080095f0   0x080095f0   0x00000030   Code   RO         2519    i.USB_WritePacket   stm32f4xx_ll_usb.o
    0x08009620   0x08009620   0x0000000c   Code   RO         4642    i.USB_sendbyte      main.o
    0x0800962c   0x0800962c   0x00000004   Code   RO         5318    i.UsageFault_Handler  stm32f4xx_it.o
    0x08009630   0x08009630   0x00000024   Code   RO         4644    i.WriteEnable       main.o
    0x08009654   0x08009654   0x00000034   Code   RO         4645    i.WriteSpiFlash     main.o
    0x08009688   0x08009688   0x00000004   Code   RO         4646    i._Error_Handler    main.o
    0x0800968c   0x0800968c   0x0000000e   Code   RO         9268    i.__scatterload_copy  mc_w.l(handlers.o)
    0x0800969a   0x0800969a   0x00000002   Code   RO         9269    i.__scatterload_null  mc_w.l(handlers.o)
    0x0800969c   0x0800969c   0x0000000e   Code   RO         9270    i.__scatterload_zeroinit  mc_w.l(handlers.o)
    0x080096aa   0x080096aa   0x00000002   PAD
    0x080096ac   0x080096ac   0x0000001c   Code   RO         6328    i.cyclic_timer      timeouts.o
    0x080096c8   0x080096c8   0x00000014   Code   RO         8412    i.do_memp_free_pool  memp.o
    0x080096dc   0x080096dc   0x0000001a   Code   RO         8413    i.do_memp_malloc_pool  memp.o
    0x080096f6   0x080096f6   0x00000002   PAD
    0x080096f8   0x080096f8   0x00000038   Code   RO         7345    i.etharp_cleanup_netif  etharp.o
    0x08009730   0x08009730   0x00000160   Code   RO         7347    i.etharp_find_entry  etharp.o
    0x08009890   0x08009890   0x00000040   Code   RO         7348    i.etharp_free_entry  etharp.o
    0x080098d0   0x080098d0   0x000000d6   Code   RO         7350    i.etharp_input      etharp.o
    0x080099a6   0x080099a6   0x00000002   PAD
    0x080099a8   0x080099a8   0x00000134   Code   RO         7351    i.etharp_output     etharp.o
    0x08009adc   0x08009adc   0x000000b8   Code   RO         7352    i.etharp_output_to_arp_index  etharp.o
    0x08009b94   0x08009b94   0x00000174   Code   RO         7353    i.etharp_query      etharp.o
    0x08009d08   0x08009d08   0x00000098   Code   RO         7354    i.etharp_raw        etharp.o
    0x08009da0   0x08009da0   0x00000018   Code   RO         7355    i.etharp_request    etharp.o
    0x08009db8   0x08009db8   0x0000002c   Code   RO         7356    i.etharp_request_dst  etharp.o
    0x08009de4   0x08009de4   0x000000dc   Code   RO         7357    i.etharp_tmr        etharp.o
    0x08009ec0   0x08009ec0   0x000000c0   Code   RO         7358    i.etharp_update_arp_entry  etharp.o
    0x08009f80   0x08009f80   0x000000c8   Code   RO         8340    i.ethernet_input    ethernet.o
    0x0800a048   0x0800a048   0x00000056   Code   RO         8341    i.ethernet_output   ethernet.o
    0x0800a09e   0x0800a09e   0x00000002   PAD
    0x0800a0a0   0x0800a0a0   0x00000030   Code   RO         5230    i.ethernetif_init   ethernetif.o
    0x0800a0d0   0x0800a0d0   0x0000000e   Code   RO         9024    i.fifo_init         usbh_hid.o
    0x0800a0de   0x0800a0de   0x00000060   Code   RO         9026    i.fifo_write        usbh_hid.o
    0x0800a13e   0x0800a13e   0x00000002   PAD
    0x0800a140   0x0800a140   0x00000018   Code   RO         4647    i.fpgadata_init     main.o
    0x0800a158   0x0800a158   0x00000050   Code   RO         9220    i.free              mc_w.l(malloc.o)
    0x0800a1a8   0x0800a1a8   0x00000012   Code   RO         7176    i.icmp_dest_unreach  icmp.o
    0x0800a1ba   0x0800a1ba   0x00000002   PAD
    0x0800a1bc   0x0800a1bc   0x00000178   Code   RO         7177    i.icmp_input        icmp.o
    0x0800a334   0x0800a334   0x00000074   Code   RO         7178    i.icmp_send_response  icmp.o
    0x0800a3a8   0x0800a3a8   0x00000012   Code   RO         7179    i.icmp_time_exceeded  icmp.o
    0x0800a3ba   0x0800a3ba   0x0000004e   Code   RO         6155    i.ip4_addr_isbroadcast_u32  ip4_addr.o
    0x0800a408   0x0800a408   0x000001c0   Code   RO         8496    i.ip4_frag          ip4_frag.o
    0x0800a5c8   0x0800a5c8   0x000001c0   Code   RO         5968    i.ip4_input         ip4.o
    0x0800a788   0x0800a788   0x00000036   Code   RO         5970    i.ip4_output_if     ip4.o
    0x0800a7be   0x0800a7be   0x00000002   PAD
    0x0800a7c0   0x0800a7c0   0x000000c8   Code   RO         5971    i.ip4_output_if_src  ip4.o
    0x0800a888   0x0800a888   0x000001a0   Code   RO         8497    i.ip4_reass         ip4_frag.o
    0x0800aa28   0x0800aa28   0x00000090   Code   RO         5972    i.ip4_route         ip4.o
    0x0800aab8   0x0800aab8   0x0000000a   Code   RO         8498    i.ip_frag_alloc_pbuf_custom_ref  ip4_frag.o
    0x0800aac2   0x0800aac2   0x00000012   Code   RO         8499    i.ip_frag_free_pbuf_custom_ref  ip4_frag.o
    0x0800aad4   0x0800aad4   0x0000016c   Code   RO         8500    i.ip_reass_chain_frag_into_datagram_and_validate  ip4_frag.o
    0x0800ac40   0x0800ac40   0x0000002c   Code   RO         8501    i.ip_reass_dequeue_datagram  ip4_frag.o
    0x0800ac6c   0x0800ac6c   0x00000054   Code   RO         8502    i.ip_reass_enqueue_new_datagram  ip4_frag.o
    0x0800acc0   0x0800acc0   0x000000a0   Code   RO         8503    i.ip_reass_free_complete_datagram  ip4_frag.o
    0x0800ad60   0x0800ad60   0x00000088   Code   RO         8504    i.ip_reass_remove_oldest_datagram  ip4_frag.o
    0x0800ade8   0x0800ade8   0x00000034   Code   RO         8505    i.ip_reass_tmr      ip4_frag.o
    0x0800ae1c   0x0800ae1c   0x00000020   Code   RO         8506    i.ipfrag_free_pbuf_custom  ip4_frag.o
    0x0800ae3c   0x0800ae3c   0x000000e8   Code   RO         5232    i.low_level_init    ethernetif.o
    0x0800af24   0x0800af24   0x000000e8   Code   RO         5234    i.low_level_output  ethernetif.o
    0x0800b00c   0x0800b00c   0x0000001a   Code   RO         7462    i.lwip_htonl        def.o
    0x0800b026   0x0800b026   0x0000000c   Code   RO         7463    i.lwip_htons        def.o
    0x0800b032   0x0800b032   0x00000020   Code   RO         8157    i.lwip_init         init.o
    0x0800b052   0x0800b052   0x00000002   PAD
    0x0800b054   0x0800b054   0x0000008c   Code   RO         4648    i.main              main.o
    0x0800b0e0   0x0800b0e0   0x0000006c   Code   RO         9221    i.malloc            mc_w.l(malloc.o)
    0x0800b14c   0x0800b14c   0x00000050   Code   RO         8083    i.mem_free          mem.o
    0x0800b19c   0x0800b19c   0x0000005c   Code   RO         8084    i.mem_init          mem.o
    0x0800b1f8   0x0800b1f8   0x000000ec   Code   RO         8085    i.mem_malloc        mem.o
    0x0800b2e4   0x0800b2e4   0x0000012c   Code   RO         8086    i.mem_trim          mem.o
    0x0800b410   0x0800b410   0x00000028   Code   RO         8414    i.memp_free         memp.o
    0x0800b438   0x0800b438   0x00000020   Code   RO         8416    i.memp_init         memp.o
    0x0800b458   0x0800b458   0x0000002c   Code   RO         8417    i.memp_init_pool    memp.o
    0x0800b484   0x0800b484   0x00000024   Code   RO         8418    i.memp_malloc       memp.o
    0x0800b4a8   0x0800b4a8   0x00000074   Code   RO         6936    i.netif_add         netif.o
    0x0800b51c   0x0800b51c   0x00000002   Code   RO         6938    i.netif_init        netif.o
    0x0800b51e   0x0800b51e   0x00000024   Code   RO         6940    i.netif_issue_reports  netif.o
    0x0800b542   0x0800b542   0x00000048   Code   RO         6942    i.netif_set_addr    netif.o
    0x0800b58a   0x0800b58a   0x00000002   PAD
    0x0800b58c   0x0800b58c   0x0000000c   Code   RO         6943    i.netif_set_default  netif.o
    0x0800b598   0x0800b598   0x0000002a   Code   RO         6944    i.netif_set_down    netif.o
    0x0800b5c2   0x0800b5c2   0x0000000c   Code   RO         6945    i.netif_set_gw      netif.o
    0x0800b5ce   0x0800b5ce   0x00000002   PAD
    0x0800b5d0   0x0800b5d0   0x0000004c   Code   RO         6946    i.netif_set_ipaddr  netif.o
    0x0800b61c   0x0800b61c   0x0000000c   Code   RO         6949    i.netif_set_netmask  netif.o
    0x0800b628   0x0800b628   0x0000002c   Code   RO         6950    i.netif_set_up      netif.o
    0x0800b654   0x0800b654   0x00000194   Code   RO         6495    i.pbuf_alloc        pbuf.o
    0x0800b7e8   0x0800b7e8   0x0000006e   Code   RO         6496    i.pbuf_alloced_custom  pbuf.o
    0x0800b856   0x0800b856   0x00000038   Code   RO         6497    i.pbuf_cat          pbuf.o
    0x0800b88e   0x0800b88e   0x00000012   Code   RO         6499    i.pbuf_clen         pbuf.o
    0x0800b8a0   0x0800b8a0   0x000000c0   Code   RO         6501    i.pbuf_copy         pbuf.o
    0x0800b960   0x0800b960   0x00000092   Code   RO         6502    i.pbuf_copy_partial  pbuf.o
    0x0800b9f2   0x0800b9f2   0x00000086   Code   RO         6504    i.pbuf_free         pbuf.o
    0x0800ba78   0x0800ba78   0x00000012   Code   RO         6507    i.pbuf_header       pbuf.o
    0x0800ba8a   0x0800ba8a   0x00000012   Code   RO         6508    i.pbuf_header_force  pbuf.o
    0x0800ba9c   0x0800ba9c   0x0000008e   Code   RO         6509    i.pbuf_header_impl  pbuf.o
    0x0800bb2a   0x0800bb2a   0x00000002   PAD
    0x0800bb2c   0x0800bb2c   0x00000010   Code   RO         6512    i.pbuf_pool_is_empty  pbuf.o
    0x0800bb3c   0x0800bb3c   0x00000080   Code   RO         6514    i.pbuf_realloc      pbuf.o
    0x0800bbbc   0x0800bbbc   0x0000000e   Code   RO         6515    i.pbuf_ref          pbuf.o
    0x0800bbca   0x0800bbca   0x00000002   PAD
    0x0800bbcc   0x0800bbcc   0x00000088   Code   RO         8087    i.plug_holes        mem.o
    0x0800bc54   0x0800bc54   0x00000008   Code   RO         5236    i.sys_now           ethernetif.o
    0x0800bc5c   0x0800bc5c   0x000000d8   Code   RO         6331    i.sys_timeout       timeouts.o
    0x0800bd34   0x0800bd34   0x00000034   Code   RO         6332    i.sys_timeouts_init  timeouts.o
    0x0800bd68   0x0800bd68   0x000000f4   Code   RO         7779    i.tcp_abandon       tcp.o
    0x0800be5c   0x0800be5c   0x0000000e   Code   RO         7780    i.tcp_abort         tcp.o
    0x0800be6a   0x0800be6a   0x00000002   PAD
    0x0800be6c   0x0800be6c   0x000000c0   Code   RO         7783    i.tcp_alloc         tcp.o
    0x0800bf2c   0x0800bf2c   0x0000001c   Code   RO         7786    i.tcp_close         tcp.o
    0x0800bf48   0x0800bf48   0x000001ac   Code   RO         7787    i.tcp_close_shutdown  tcp.o
    0x0800c0f4   0x0800c0f4   0x000000be   Code   RO         5791    i.tcp_create_segment  tcp_out.o
    0x0800c1b2   0x0800c1b2   0x0000003a   Code   RO         7790    i.tcp_eff_send_mss_impl  tcp.o
    0x0800c1ec   0x0800c1ec   0x0000010e   Code   RO         5792    i.tcp_enqueue_flags  tcp_out.o
    0x0800c2fa   0x0800c2fa   0x00000002   PAD
    0x0800c2fc   0x0800c2fc   0x00000078   Code   RO         7792    i.tcp_fasttmr       tcp.o
    0x0800c374   0x0800c374   0x00000058   Code   RO         6076    i.tcp_getoptbyte    tcp_in.o
    0x0800c3cc   0x0800c3cc   0x00000002   Code   RO         7793    i.tcp_init          tcp.o
    0x0800c3ce   0x0800c3ce   0x00000002   PAD
    0x0800c3d0   0x0800c3d0   0x00000508   Code   RO         6077    i.tcp_input         tcp_in.o
    0x0800c8d8   0x0800c8d8   0x0000005a   Code   RO         5793    i.tcp_keepalive     tcp_out.o
    0x0800c932   0x0800c932   0x00000002   PAD
    0x0800c934   0x0800c934   0x00000058   Code   RO         7794    i.tcp_kill_prio     tcp.o
    0x0800c98c   0x0800c98c   0x0000004c   Code   RO         7795    i.tcp_kill_state    tcp.o
    0x0800c9d8   0x0800c9d8   0x0000003c   Code   RO         7796    i.tcp_kill_timewait  tcp.o
    0x0800ca14   0x0800ca14   0x0000002c   Code   RO         7797    i.tcp_listen_closed  tcp.o
    0x0800ca40   0x0800ca40   0x00000140   Code   RO         6078    i.tcp_listen_input  tcp_in.o
    0x0800cb80   0x0800cb80   0x00000054   Code   RO         7799    i.tcp_netif_ip_addr_changed  tcp.o
    0x0800cbd4   0x0800cbd4   0x0000002a   Code   RO         7800    i.tcp_netif_ip_addr_changed_pcblist  tcp.o
    0x0800cbfe   0x0800cbfe   0x00000002   PAD
    0x0800cc00   0x0800cc00   0x0000001c   Code   RO         7804    i.tcp_next_iss      tcp.o
    0x0800cc1c   0x0800cc1c   0x00000090   Code   RO         6079    i.tcp_oos_insert_segment  tcp_in.o
    0x0800ccac   0x0800ccac   0x0000021c   Code   RO         5794    i.tcp_output        tcp_out.o
    0x0800cec8   0x0800cec8   0x00000078   Code   RO         5795    i.tcp_output_alloc_header  tcp_out.o
    0x0800cf40   0x0800cf40   0x000000c4   Code   RO         5796    i.tcp_output_segment  tcp_out.o
    0x0800d004   0x0800d004   0x0000009c   Code   RO         6080    i.tcp_parseopt      tcp_in.o
    0x0800d0a0   0x0800d0a0   0x00000048   Code   RO         7805    i.tcp_pcb_purge     tcp.o
    0x0800d0e8   0x0800d0e8   0x0000007c   Code   RO         7806    i.tcp_pcb_remove    tcp.o
    0x0800d164   0x0800d164   0x000005bc   Code   RO         6081    i.tcp_process       tcp_in.o
    0x0800d720   0x0800d720   0x00000094   Code   RO         7808    i.tcp_process_refused_data  tcp.o
    0x0800d7b4   0x0800d7b4   0x000009b0   Code   RO         6082    i.tcp_receive       tcp_in.o
    0x0800e164   0x0800e164   0x0000002e   Code   RO         7810    i.tcp_recv_null     tcp.o
    0x0800e192   0x0800e192   0x0000005e   Code   RO         7811    i.tcp_recved        tcp.o
    0x0800e1f0   0x0800e1f0   0x00000018   Code   RO         7812    i.tcp_remove_listener  tcp.o
    0x0800e208   0x0800e208   0x0000005a   Code   RO         5798    i.tcp_rexmit        tcp_out.o
    0x0800e262   0x0800e262   0x00000074   Code   RO         5799    i.tcp_rexmit_fast   tcp_out.o
    0x0800e2d6   0x0800e2d6   0x0000003a   Code   RO         5800    i.tcp_rexmit_rto    tcp_out.o
    0x0800e310   0x0800e310   0x00000088   Code   RO         5801    i.tcp_rst           tcp_out.o
    0x0800e398   0x0800e398   0x00000024   Code   RO         7813    i.tcp_seg_copy      tcp.o
    0x0800e3bc   0x0800e3bc   0x0000001a   Code   RO         7814    i.tcp_seg_free      tcp.o
    0x0800e3d6   0x0800e3d6   0x00000018   Code   RO         7815    i.tcp_segs_free     tcp.o
    0x0800e3ee   0x0800e3ee   0x00000076   Code   RO         5802    i.tcp_send_empty_ack  tcp_out.o
    0x0800e464   0x0800e464   0x0000004a   Code   RO         5803    i.tcp_send_fin      tcp_out.o
    0x0800e4ae   0x0800e4ae   0x00000002   PAD
    0x0800e4b0   0x0800e4b0   0x0000036c   Code   RO         7819    i.tcp_slowtmr       tcp.o
    0x0800e81c   0x0800e81c   0x00000038   Code   RO         6335    i.tcp_timer_needed  timeouts.o
    0x0800e854   0x0800e854   0x000000a4   Code   RO         6083    i.tcp_timewait_input  tcp_in.o
    0x0800e8f8   0x0800e8f8   0x00000024   Code   RO         7820    i.tcp_tmr           tcp.o
    0x0800e91c   0x0800e91c   0x00000014   Code   RO         6084    i.tcp_trigger_input_pcb_close  tcp_in.o
    0x0800e930   0x0800e930   0x0000004e   Code   RO         7822    i.tcp_update_rcv_ann_wnd  tcp.o
    0x0800e97e   0x0800e97e   0x000000de   Code   RO         5806    i.tcp_zero_window_probe  tcp_out.o
    0x0800ea5c   0x0800ea5c   0x00000038   Code   RO         6336    i.tcpip_tcp_timer   timeouts.o
    0x0800ea94   0x0800ea94   0x00000002   Code   RO         7538    i.udp_init          udp.o
    0x0800ea96   0x0800ea96   0x00000002   PAD
    0x0800ea98   0x0800ea98   0x0000013c   Code   RO         7539    i.udp_input         udp.o
    0x0800ebd4   0x0800ebd4   0x00000048   Code   RO         7540    i.udp_input_local_match  udp.o
    0x0800ec1c   0x0800ec1c   0x00000030   Code   RO         7541    i.udp_netif_ip_addr_changed  udp.o
    0x0800ec4c   0x0800ec4c   0x00000018   Data   RO         4504    .constdata          system_stm32f4xx.o
    0x0800ec64   0x0800ec64   0x00000008   Data   RO         6162    .constdata          ip4_addr.o
    0x0800ec6c   0x0800ec6c   0x00000018   Data   RO         6337    .constdata          timeouts.o
    0x0800ec84   0x0800ec84   0x00000050   Data   RO         7823    .constdata          tcp.o
    0x0800ecd4   0x0800ecd4   0x0000000c   Data   RO         8342    .constdata          ethernet.o
    0x0800ece0   0x0800ece0   0x00000090   Data   RO         8421    .constdata          memp.o
    0x0800ed70   0x0800ed70   0x00000075   Data   RO         7824    .conststring        tcp.o
    0x0800ede5   0x0800ede5   0x00000003   PAD
    0x0800ede8   0x0800ede8   0x00000004   Data   RO         9027    .conststring        usbh_hid.o
    0x0800edec   0x0800edec   0x00000020   Data   RO         9266    Region$$Table       anon$$obj.o


    Execution Region RW_IRAM1 (Exec base: 0x20000000, Load base: 0x0800ee0c, Size: 0x0000c620, Max: 0x00020000, ABSOLUTE, COMPRESSED[0x000000e4])

    Exec Addr    Load Addr    Size         Type   Attr      Idx    E Section Name        Object

    0x20000000   COMPRESSED   0x00000110   Data   RW           19    .data               usbd_cdc.o
    0x20000110   COMPRESSED   0x00000001   Data   RW          331    .data               usbd_ctlreq.o
    0x20000111   COMPRESSED   0x00000003   PAD
    0x20000114   COMPRESSED   0x00000004   Data   RW         1549    .data               stm32f4xx_hal.o
    0x20000118   COMPRESSED   0x00000004   Data   RW         4505    .data               system_stm32f4xx.o
    0x2000011c   COMPRESSED   0x00000034   Data   RW         4547    .data               usbd_desc.o
    0x20000150   COMPRESSED   0x00000018   Data   RW         4650    .data               main.o
    0x20000168   COMPRESSED   0x0000001c   Data   RW         5182    .data               usbd_cdc_if.o
    0x20000184   COMPRESSED   0x00000018   Data   RW         5512    .data               lwip.o
    0x2000019c   COMPRESSED   0x00000001   Data   RW         5739    .data               usb_host.o
    0x2000019d   COMPRESSED   0x00000001   PAD
    0x2000019e   COMPRESSED   0x00000002   Data   RW         5973    .data               ip4.o
    0x200001a0   COMPRESSED   0x00000028   Data   RW         6086    .data               tcp_in.o
    0x200001c8   COMPRESSED   0x0000000c   Data   RW         6338    .data               timeouts.o
    0x200001d4   COMPRESSED   0x00000001   Data   RW         6522    .data               pbuf.o
    0x200001d5   COMPRESSED   0x00000003   PAD
    0x200001d8   COMPRESSED   0x00000009   Data   RW         6951    .data               netif.o
    0x200001e1   COMPRESSED   0x00000001   Data   RW         7360    .data               etharp.o
    0x200001e2   COMPRESSED   0x00000002   PAD
    0x200001e4   COMPRESSED   0x00000008   Data   RW         7551    .data               udp.o
    0x200001ec   COMPRESSED   0x00000020   Data   RW         7825    .data               tcp.o
    0x2000020c   COMPRESSED   0x0000000c   Data   RW         8089    .data               mem.o
    0x20000218   COMPRESSED   0x00000024   Data   RW         8422    .data               memp.o
    0x2000023c   COMPRESSED   0x00000006   Data   RW         8507    .data               ip4_frag.o
    0x20000242   COMPRESSED   0x00000002   PAD
    0x20000244   COMPRESSED   0x0000000c   Data   RW         8614    .data               usbh_hid_mouse.o
    0x20000250   COMPRESSED   0x00000008   Data   RW         8661    .data               usbh_hid_keybd.o
    0x20000258   COMPRESSED   0x00000020   Data   RW         9028    .data               usbh_hid.o
    0x20000278   COMPRESSED   0x00000004   Data   RW         9262    .data               mc_w.l(mvars.o)
    0x2000027c   COMPRESSED   0x00000004   Data   RW         9263    .data               mc_w.l(mvars.o)
    0x20000280        -       0x00000224   Zero   RW          551    .bss                usb_device.o
    0x200004a4        -       0x00000200   Zero   RW         4546    .bss                usbd_desc.o
    0x200006a4        -       0x000011ec   Zero   RW         4649    .bss                main.o
    0x20001890        -       0x000003f0   Zero   RW         5015    .bss                usbd_conf.o
    0x20001c80        -       0x00002300   Zero   RW         5181    .bss                usbd_cdc_if.o
    0x20003f80        -       0x000030e8   Zero   RW         5237    .bss                ethernetif.o
    0x20007068        -       0x00000030   Zero   RW         5511    .bss                lwip.o
    0x20007098        -       0x00000298   Zero   RW         5590    .bss                usbh_conf.o
    0x20007330        -       0x000003c8   Zero   RW         5738    .bss                usb_host.o
    0x200076f8        -       0x00000010   Zero   RW         6085    .bss                tcp_in.o
    0x20007708        -       0x000000f0   Zero   RW         7359    .bss                etharp.o
    0x200077f8        -       0x00000653   Zero   RW         8088    .bss                mem.o
    0x20007e4b   COMPRESSED   0x00000001   PAD
    0x20007e4c        -       0x00000018   Zero   RW         8262    .bss                ip.o
    0x20007e64        -       0x00002eab   Zero   RW         8420    .bss                memp.o
    0x2000ad0f        -       0x0000000f   Zero   RW         8659    .bss                usbh_hid_keybd.o
    0x2000ad1e   COMPRESSED   0x00000002   PAD
    0x2000ad20        -       0x00001500   Zero   RW         5782    HEAP                startup_stm32f407xx.o
    0x2000c220        -       0x00000400   Zero   RW         5781    STACK               startup_stm32f407xx.o


==============================================================================

Image component sizes


      Code (inc. data)   RO Data    RW Data    ZI Data      Debug   Object Name

        38          0          0          0          0       1138   def.o
      2182         64          0          1        240      12031   etharp.o
       286          4         12          0          0       2742   ethernet.o
       756         62          0          0      12520       4459   ethernetif.o
       528          4          0          0          0       3986   icmp.o
        32          0          0          0          0        548   init.o
         0          0          0          0         24       3002   ip.o
       846         30          0          2          0       6128   ip4.o
        78          0          8          0          0       6794   ip4_addr.o
      1764         38          0          6          0      10994   ip4_frag.o
       248         38          0         24         48       1337   lwip.o
      3358        394          0         24       4588      38953   main.o
       844         68          0         12       1619       5297   mem.o
       198         14        144         36      11947      10082   memp.o
       424         20          0          9          0       9687   netif.o
      1396         16          0          1          0      12840   pbuf.o
        36          8        392          0       6400        804   startup_stm32f407xx.o
       158         20          0          4          0       4435   stm32f4xx_hal.o
       376         28          0          0          0      33299   stm32f4xx_hal_cortex.o
        36          0          0          0          0       1043   stm32f4xx_hal_crc.o
        40          0          0          0          0       1131   stm32f4xx_hal_dma.o
      2656         52          0          0          0      14839   stm32f4xx_hal_eth.o
       888         86          0          0          0       3807   stm32f4xx_hal_gpio.o
      4406          4          0          0          0      11129   stm32f4xx_hal_hcd.o
       646         78          0          0          0       4586   stm32f4xx_hal_msp.o
      2944         46          0          0          0      11005   stm32f4xx_hal_pcd.o
        92          0          0          0          0       1832   stm32f4xx_hal_pcd_ex.o
      1844         80          0          0          0       5476   stm32f4xx_hal_rcc.o
       440         20          0          0          0       1400   stm32f4xx_hal_rcc_ex.o
      1420         14          0          0          0       6885   stm32f4xx_hal_rtc.o
       290          0          0          0          0       2758   stm32f4xx_hal_rtc_ex.o
      2066          4          0          0          0       9584   stm32f4xx_hal_spi.o
       716         44          0          0          0       5645   stm32f4xx_hal_tim.o
        98          0          0          0          0       1168   stm32f4xx_hal_tim_ex.o
       986          8          0          0          0       1836   stm32f4xx_hal_uart.o
       148         42          0          0          0       7550   stm32f4xx_it.o
      4922         96          0          0          0      28583   stm32f4xx_ll_usb.o
       100         18         24          4          0       1155   system_stm32f4xx.o
      3092        172        197         32          0      29947   tcp.o
      6128        342          0         40         16      19791   tcp_in.o
      2220         10          0          0          0      23974   tcp_out.o
       408         64         24         12          0       5030   timeouts.o
       438         20          0          8          0       5230   udp.o
        52         16          0          0        548       2379   usb_device.o
        96         18          0          1        968      11248   usb_host.o
       728         30          0        272          0     768978   usbd_cdc.o
       284         46          0         28       8960       3874   usbd_cdc_if.o
      1232         38          0          0       1008      15382   usbd_conf.o
       792          0          0          0          0      12857   usbd_core.o
      1584         30          0          1          0      10868   usbd_ctlreq.o
       304        128          0         52        512       5403   usbd_desc.o
       174          0          0          0          0       4720   usbd_ioreq.o
       824         42          0          0        664      17578   usbh_conf.o
       462          0          0          0          0       8135   usbh_core.o
       644         12          0          0          0       3897   usbh_ctlreq.o
      1308         22          4         32          0      14923   usbh_hid.o
        88          8          0          8         15       2108   usbh_hid_keybd.o
        76         10          0         12          0       2224   usbh_hid_mouse.o
       174          0          0          0          0       3657   usbh_ioreq.o
       168          0          0          0          0       4022   usbh_pipes.o

    ----------------------------------------------------------------------
     59638       2408        840        632      50080    1266193   Object Totals
         0          0         32          0          0          0   (incl. Generated)
        76          0          3         11          3          0   (incl. Padding)

    ----------------------------------------------------------------------

      Code (inc. data)   RO Data    RW Data    ZI Data      Debug   Library Member Name

        86          0          0          0          0          0   __dczerorl2.o
         0          0          0          0          0          0   entry.o
         0          0          0          0          0          0   entry10a.o
         0          0          0          0          0          0   entry11a.o
         8          4          0          0          0          0   entry2.o
         4          0          0          0          0          0   entry5.o
         0          0          0          0          0          0   entry7b.o
         0          0          0          0          0          0   entry8b.o
         8          4          0          0          0          0   entry9a.o
        30          0          0          0          0          0   handlers.o
        36          8          0          0          0         68   init.o
       188         20          0          0          0        160   malloc.o
        26          0          0          0          0         80   memcmp.o
        36          0          0          0          0         68   memcpya.o
        36          0          0          0          0        108   memseta.o
         0          0          0          8          0          0   mvars.o

    ----------------------------------------------------------------------
       462         36          0          8          0        484   Library Totals
         4          0          0          0          0          0   (incl. Padding)

    ----------------------------------------------------------------------

      Code (inc. data)   RO Data    RW Data    ZI Data      Debug   Library Name

       458         36          0          8          0        484   mc_w.l

    ----------------------------------------------------------------------
       462         36          0          8          0        484   Library Totals

    ----------------------------------------------------------------------

==============================================================================


      Code (inc. data)   RO Data    RW Data    ZI Data      Debug   

     60100       2444        840        640      50080    1218953   Grand Totals
     60100       2444        840        228      50080    1218953   ELF Image Totals (compressed)
     60100       2444        840        228          0          0   ROM Totals

==============================================================================

    Total RO  Size (Code + RO Data)                60940 (  59.51kB)
    Total RW  Size (RW Data + ZI Data)             50720 (  49.53kB)
    Total ROM Size (Code + RO Data + RW Data)      61168 (  59.73kB)

==============================================================================

